Archive member included because of file (symbol)

d:/4.5.0.202105191637/eclipse/arm-gcc-49/bin/../lib/gcc/arm-none-eabi/4.9.3/../../../../arm-none-eabi/lib/armv7e-m/softfp\libm.a(lib_a-s_sin.o)
                              ./main.o (sin)
d:/4.5.0.202105191637/eclipse/arm-gcc-49/bin/../lib/gcc/arm-none-eabi/4.9.3/../../../../arm-none-eabi/lib/armv7e-m/softfp\libm.a(lib_a-e_rem_pio2.o)
                              d:/4.5.0.202105191637/eclipse/arm-gcc-49/bin/../lib/gcc/arm-none-eabi/4.9.3/../../../../arm-none-eabi/lib/armv7e-m/softfp\libm.a(lib_a-s_sin.o) (__ieee754_rem_pio2)
d:/4.5.0.202105191637/eclipse/arm-gcc-49/bin/../lib/gcc/arm-none-eabi/4.9.3/../../../../arm-none-eabi/lib/armv7e-m/softfp\libm.a(lib_a-k_cos.o)
                              d:/4.5.0.202105191637/eclipse/arm-gcc-49/bin/../lib/gcc/arm-none-eabi/4.9.3/../../../../arm-none-eabi/lib/armv7e-m/softfp\libm.a(lib_a-s_sin.o) (__kernel_cos)
d:/4.5.0.202105191637/eclipse/arm-gcc-49/bin/../lib/gcc/arm-none-eabi/4.9.3/../../../../arm-none-eabi/lib/armv7e-m/softfp\libm.a(lib_a-k_rem_pio2.o)
                              d:/4.5.0.202105191637/eclipse/arm-gcc-49/bin/../lib/gcc/arm-none-eabi/4.9.3/../../../../arm-none-eabi/lib/armv7e-m/softfp\libm.a(lib_a-e_rem_pio2.o) (__kernel_rem_pio2)
d:/4.5.0.202105191637/eclipse/arm-gcc-49/bin/../lib/gcc/arm-none-eabi/4.9.3/../../../../arm-none-eabi/lib/armv7e-m/softfp\libm.a(lib_a-k_sin.o)
                              d:/4.5.0.202105191637/eclipse/arm-gcc-49/bin/../lib/gcc/arm-none-eabi/4.9.3/../../../../arm-none-eabi/lib/armv7e-m/softfp\libm.a(lib_a-s_sin.o) (__kernel_sin)
d:/4.5.0.202105191637/eclipse/arm-gcc-49/bin/../lib/gcc/arm-none-eabi/4.9.3/../../../../arm-none-eabi/lib/armv7e-m/softfp\libm.a(lib_a-s_fabs.o)
                              d:/4.5.0.202105191637/eclipse/arm-gcc-49/bin/../lib/gcc/arm-none-eabi/4.9.3/../../../../arm-none-eabi/lib/armv7e-m/softfp\libm.a(lib_a-e_rem_pio2.o) (fabs)
d:/4.5.0.202105191637/eclipse/arm-gcc-49/bin/../lib/gcc/arm-none-eabi/4.9.3/../../../../arm-none-eabi/lib/armv7e-m/softfp\libm.a(lib_a-s_floor.o)
                              d:/4.5.0.202105191637/eclipse/arm-gcc-49/bin/../lib/gcc/arm-none-eabi/4.9.3/../../../../arm-none-eabi/lib/armv7e-m/softfp\libm.a(lib_a-k_rem_pio2.o) (floor)
d:/4.5.0.202105191637/eclipse/arm-gcc-49/bin/../lib/gcc/arm-none-eabi/4.9.3/../../../../arm-none-eabi/lib/armv7e-m/softfp\libm.a(lib_a-s_scalbn.o)
                              d:/4.5.0.202105191637/eclipse/arm-gcc-49/bin/../lib/gcc/arm-none-eabi/4.9.3/../../../../arm-none-eabi/lib/armv7e-m/softfp\libm.a(lib_a-k_rem_pio2.o) (scalbn)
d:/4.5.0.202105191637/eclipse/arm-gcc-49/bin/../lib/gcc/arm-none-eabi/4.9.3/../../../../arm-none-eabi/lib/armv7e-m/softfp\libm.a(lib_a-s_copysign.o)
                              d:/4.5.0.202105191637/eclipse/arm-gcc-49/bin/../lib/gcc/arm-none-eabi/4.9.3/../../../../arm-none-eabi/lib/armv7e-m/softfp\libm.a(lib_a-s_scalbn.o) (copysign)
d:/4.5.0.202105191637/eclipse/arm-gcc-49/bin/../lib/gcc/arm-none-eabi/4.9.3/armv7e-m/softfp\libgcc.a(_arm_addsubdf3.o)
                              ./main.o (__aeabi_dsub)
d:/4.5.0.202105191637/eclipse/arm-gcc-49/bin/../lib/gcc/arm-none-eabi/4.9.3/armv7e-m/softfp\libgcc.a(_arm_muldivdf3.o)
                              ./main.o (__aeabi_dmul)
d:/4.5.0.202105191637/eclipse/arm-gcc-49/bin/../lib/gcc/arm-none-eabi/4.9.3/armv7e-m/softfp\libgcc.a(_arm_cmpdf2.o)
                              ./main.o (__aeabi_dcmpeq)
d:/4.5.0.202105191637/eclipse/arm-gcc-49/bin/../lib/gcc/arm-none-eabi/4.9.3/armv7e-m/softfp\libgcc.a(_arm_fixdfsi.o)
                              d:/4.5.0.202105191637/eclipse/arm-gcc-49/bin/../lib/gcc/arm-none-eabi/4.9.3/../../../../arm-none-eabi/lib/armv7e-m/softfp\libm.a(lib_a-e_rem_pio2.o) (__aeabi_d2iz)
d:/4.5.0.202105191637/eclipse/arm-gcc-49/bin/../lib/gcc/arm-none-eabi/4.9.3/armv7e-m/softfp\libgcc.a(_arm_fixunsdfsi.o)
                              ./main.o (__aeabi_d2uiz)
d:/4.5.0.202105191637/eclipse/arm-gcc-49/bin/../lib/gcc/arm-none-eabi/4.9.3/armv7e-m/softfp\libgcc.a(_aeabi_uldivmod.o)
                              ./Dave/Generated/TIMER/timer.o (__aeabi_uldivmod)
d:/4.5.0.202105191637/eclipse/arm-gcc-49/bin/../lib/gcc/arm-none-eabi/4.9.3/armv7e-m/softfp\libgcc.a(bpabi.o)
                              d:/4.5.0.202105191637/eclipse/arm-gcc-49/bin/../lib/gcc/arm-none-eabi/4.9.3/armv7e-m/softfp\libgcc.a(_aeabi_uldivmod.o) (__gnu_uldivmod_helper)
d:/4.5.0.202105191637/eclipse/arm-gcc-49/bin/../lib/gcc/arm-none-eabi/4.9.3/armv7e-m/softfp\libgcc.a(_dvmd_tls.o)
                              d:/4.5.0.202105191637/eclipse/arm-gcc-49/bin/../lib/gcc/arm-none-eabi/4.9.3/armv7e-m/softfp\libgcc.a(_aeabi_uldivmod.o) (__aeabi_ldiv0)
d:/4.5.0.202105191637/eclipse/arm-gcc-49/bin/../lib/gcc/arm-none-eabi/4.9.3/armv7e-m/softfp\libgcc.a(_divdi3.o)
                              d:/4.5.0.202105191637/eclipse/arm-gcc-49/bin/../lib/gcc/arm-none-eabi/4.9.3/armv7e-m/softfp\libgcc.a(bpabi.o) (__divdi3)
[...]
Memory Configuration

Name             Origin             Length             Attributes
FLASH_1_cached   0x08000000         0x00100000         xr
FLASH_1_uncached 0x0c000000         0x00100000         xr
PSRAM_1          0x10000000         0x00010000         !xr
DSRAM_1_system   0x20000000         0x00010000         !xr
DSRAM_2_comm     0x30000000         0x00008000         !xr
*default*        0x00000000         0xffffffff

Linker script and memory map

LOAD ./Startup/startup_XMC4500.o
LOAD ./Startup/system_XMC4500.o
LOAD ./Libraries/XMCLib/src/xmc4_eru.o
LOAD ./Libraries/XMCLib/src/xmc4_flash.o
LOAD ./Libraries/XMCLib/src/xmc4_gpio.o
LOAD ./Libraries/XMCLib/src/xmc4_rtc.o
LOAD ./Libraries/XMCLib/src/xmc4_scu.o
LOAD ./Libraries/XMCLib/src/xmc_can.o
LOAD ./Libraries/XMCLib/src/xmc_ccu4.o
LOAD ./Libraries/XMCLib/src/xmc_ccu8.o
LOAD ./Libraries/XMCLib/src/xmc_common.o
LOAD ./Libraries/XMCLib/src/xmc_dac.o
LOAD ./Libraries/XMCLib/src/xmc_dma.o
LOAD ./Libraries/XMCLib/src/xmc_dsd.o
LOAD ./Libraries/XMCLib/src/xmc_ebu.o
LOAD ./Libraries/XMCLib/src/xmc_ecat.o
LOAD ./Libraries/XMCLib/src/xmc_eru.o
LOAD ./Libraries/XMCLib/src/xmc_eth_mac.o
LOAD ./Libraries/XMCLib/src/xmc_eth_phy_dp83848.o
LOAD ./Libraries/XMCLib/src/xmc_eth_phy_ksz8031rnl.o
LOAD ./Libraries/XMCLib/src/xmc_eth_phy_ksz8081rnb.o
LOAD ./Libraries/XMCLib/src/xmc_fce.o
LOAD ./Libraries/XMCLib/src/xmc_gpio.o
LOAD ./Libraries/XMCLib/src/xmc_hrpwm.o
LOAD ./Libraries/XMCLib/src/xmc_i2c.o
LOAD ./Libraries/XMCLib/src/xmc_i2s.o
LOAD ./Libraries/XMCLib/src/xmc_ledts.o
LOAD ./Libraries/XMCLib/src/xmc_posif.o
LOAD ./Libraries/XMCLib/src/xmc_rtc.o
LOAD ./Libraries/XMCLib/src/xmc_sdmmc.o
LOAD ./Libraries/XMCLib/src/xmc_spi.o
LOAD ./Libraries/XMCLib/src/xmc_uart.o
LOAD ./Libraries/XMCLib/src/xmc_usbd.o
LOAD ./Libraries/XMCLib/src/xmc_usbh.o
LOAD ./Libraries/XMCLib/src/xmc_usic.o
LOAD ./Libraries/XMCLib/src/xmc_vadc.o
LOAD ./Libraries/XMCLib/src/xmc_wdt.o
LOAD ./Libraries/Newlib/syscalls.o
LOAD ./Libraries/lcd-routines.o
LOAD ./Dave/Generated/TIMER/timer.o
LOAD ./Dave/Generated/TIMER/timer_conf.o
LOAD ./Dave/Generated/PWM_CCU8/pwm_ccu8.o
LOAD ./Dave/Generated/PWM_CCU8/pwm_ccu8_conf.o
LOAD ./Dave/Generated/PIN_INTERRUPT/pin_interrupt.o
LOAD ./Dave/Generated/PIN_INTERRUPT/pin_interrupt_conf.o
LOAD ./Dave/Generated/INTERRUPT/interrupt.o
LOAD ./Dave/Generated/INTERRUPT/interrupt_conf.o
LOAD ./Dave/Generated/GLOBAL_CCU8/global_ccu8.o
LOAD ./Dave/Generated/GLOBAL_CCU8/global_ccu8_conf.o
LOAD ./Dave/Generated/GLOBAL_CCU4/global_ccu4.o
LOAD ./Dave/Generated/GLOBAL_CCU4/global_ccu4_conf.o
LOAD ./Dave/Generated/GLOBAL_ADC/global_adc.o
LOAD ./Dave/Generated/GLOBAL_ADC/global_adc_conf.o
LOAD ./Dave/Generated/CPU_CTRL_XMC4/cpu_ctrl_xmc4.o
LOAD ./Dave/Generated/CPU_CTRL_XMC4/cpu_ctrl_xmc4_conf.o
LOAD ./Dave/Generated/CLOCK_XMC4/clock_xmc4.o
LOAD ./Dave/Generated/CLOCK_XMC4/clock_xmc4_conf.o
LOAD ./Dave/Generated/ADC_MEASUREMENT/adc_measurement.o
LOAD ./Dave/Generated/ADC_MEASUREMENT/adc_measurement_conf.o
LOAD ./Dave/Generated/DAVE.o
LOAD ./main.o
LOAD d:/4.5.0.202105191637/eclipse/arm-gcc-49/bin/../lib/gcc/arm-none-eabi/4.9.3/../../../../arm-none-eabi/lib/armv7e-m/softfp\libm.a
START GROUP
LOAD d:/4.5.0.202105191637/eclipse/arm-gcc-49/bin/../lib/gcc/arm-none-eabi/4.9.3/armv7e-m/softfp\libgcc.a
LOAD d:/4.5.0.202105191637/eclipse/arm-gcc-49/bin/../lib/gcc/arm-none-eabi/4.9.3/../../../../arm-none-eabi/lib/armv7e-m/softfp\libg_nano.a
LOAD d:/4.5.0.202105191637/eclipse/arm-gcc-49/bin/../lib/gcc/arm-none-eabi/4.9.3/../../../../arm-none-eabi/lib/armv7e-m/softfp\libc_nano.a
END GROUP
START GROUP
LOAD d:/4.5.0.202105191637/eclipse/arm-gcc-49/bin/../lib/gcc/arm-none-eabi/4.9.3/armv7e-m/softfp\libgcc.a
LOAD d:/4.5.0.202105191637/eclipse/arm-gcc-49/bin/../lib/gcc/arm-none-eabi/4.9.3/../../../../arm-none-eabi/lib/armv7e-m/softfp\libc_nano.a
LOAD d:/4.5.0.202105191637/eclipse/arm-gcc-49/bin/../lib/gcc/arm-none-eabi/4.9.3/../../../../arm-none-eabi/lib/armv7e-m/softfp\libnosys.a
END GROUP
START GROUP
LOAD d:/4.5.0.202105191637/eclipse/arm-gcc-49/bin/../lib/gcc/arm-none-eabi/4.9.3/armv7e-m/softfp\libgcc.a
LOAD d:/4.5.0.202105191637/eclipse/arm-gcc-49/bin/../lib/gcc/arm-none-eabi/4.9.3/../../../../arm-none-eabi/lib/armv7e-m/softfp\libc_nano.a
LOAD d:/4.5.0.202105191637/eclipse/arm-gcc-49/bin/../lib/gcc/arm-none-eabi/4.9.3/../../../../arm-none-eabi/lib/armv7e-m/softfp\libnosys.a
END GROUP
                0x00000800                stack_size = DEFINED (stack_size)?stack_size:0x800
                0x00000040                no_init_size = 0x40

.text           0x08000000     0x8a28 load address 0x0c000000
                0x08000000                sText = .
 *(.reset)
 .reset         0x08000000      0x2b4 ./Startup/startup_XMC4500.o
                0x08000000                __Vectors
                0x08000200                Reset_Handler
                0x080002b0                DSD0_7_IRQHandler
                0x080002b0                DebugMon_Handler
                0x080002b0                VADC0_C0_0_IRQHandler
                0x080002b0                CAN0_4_IRQHandler
                0x080002b0                VADC0_G2_0_IRQHandler
                0x080002b0                USIC0_5_IRQHandler
                0x080002b0                POSIF0_0_IRQHandler
                0x080002b0                POSIF1_0_IRQHandler
                0x080002b0                HardFault_Handler
                0x080002b0                VADC0_G1_1_IRQHandler
                0x080002b0                SysTick_Handler
                0x080002b0                PendSV_Handler
                0x080002b0                NMI_Handler
                0x080002b0                USIC1_3_IRQHandler
                0x080002b0                CCU40_2_IRQHandler
                0x080002b0                SCU_0_IRQHandler
                0x080002b0                ERU0_0_IRQHandler
                0x080002b0                CCU41_0_IRQHandler
                0x080002b0                USIC1_5_IRQHandler
                0x080002b0                DSD0_4_IRQHandler
                0x080002b0                CCU80_1_IRQHandler
                0x080002b0                CCU81_0_IRQHandler
                0x080002b0                UsageFault_Handler
                0x080002b0                USIC0_0_IRQHandler
                0x080002b0                POSIF1_1_IRQHandler
                0x080002b0                ERU0_2_IRQHandler
                0x080002b0                CCU81_1_IRQHandler
                0x080002b0                ERU1_1_IRQHandler
                0x080002b0                VADC0_G2_3_IRQHandler
                0x080002b0                VADC0_G2_2_IRQHandler
                0x080002b0                CCU42_3_IRQHandler
                0x080002b0                DSD0_5_IRQHandler
                0x080002b0                VADC0_C0_3_IRQHandler
                0x080002b0                CAN0_6_IRQHandler
                0x080002b0                CCU43_0_IRQHandler
                0x080002b0                VADC0_G0_1_IRQHandler
                0x080002b0                CCU81_2_IRQHandler
                0x080002b0                USIC2_4_IRQHandler
                0x080002b0                CCU81_3_IRQHandler
                0x080002b0                CCU42_1_IRQHandler
                0x080002b0                USIC1_1_IRQHandler
                0x080002b0                USIC2_5_IRQHandler
                0x080002b0                CCU40_0_IRQHandler
                0x080002b0                CAN0_0_IRQHandler
                0x080002b0                CCU42_2_IRQHandler
                0x080002b0                Default_Handler
                0x080002b0                USIC1_4_IRQHandler
                0x080002b0                USIC1_0_IRQHandler
                0x080002b0                POSIF0_1_IRQHandler
                0x080002b0                VADC0_G0_0_IRQHandler
                0x080002b0                DSD0_2_IRQHandler
                0x080002b0                CCU80_3_IRQHandler
                0x080002b0                CCU41_3_IRQHandler
                0x080002b0                CCU80_2_IRQHandler
                0x080002b0                VADC0_G1_3_IRQHandler
                0x080002b0                VADC0_G0_3_IRQHandler
                0x080002b0                GPDMA0_0_IRQHandler
                0x080002b0                PMU0_0_IRQHandler
                0x080002b0                CAN0_7_IRQHandler
                0x080002b0                DSD0_1_IRQHandler
                0x080002b0                CCU41_2_IRQHandler
                0x080002b0                VADC0_C0_1_IRQHandler
                0x080002b0                CCU43_2_IRQHandler
                0x080002b0                USIC2_2_IRQHandler
                0x080002b0                MemManage_Handler
                0x080002b0                VADC0_G3_1_IRQHandler
                0x080002b0                DAC0_0_IRQHandler
                0x080002b0                SVC_Handler
                0x080002b0                VADC0_G3_3_IRQHandler
                0x080002b0                ERU1_2_IRQHandler
                0x080002b0                CCU41_1_IRQHandler
                0x080002b0                DSD0_6_IRQHandler
                0x080002b0                VADC0_G1_2_IRQHandler
                0x080002b0                USIC2_3_IRQHandler
                0x080002b0                CAN0_2_IRQHandler
                0x080002b0                USIC2_0_IRQHandler
                0x080002b0                VADC0_G0_2_IRQHandler
                0x080002b0                VADC0_G2_1_IRQHandler
                0x080002b0                CAN0_3_IRQHandler
                0x080002b0                ETH0_0_IRQHandler
                0x080002b0                USIC0_3_IRQHandler
                0x080002b0                DSD0_0_IRQHandler
                0x080002b0                CCU42_0_IRQHandler
                0x080002b0                FCE0_0_IRQHandler
                0x080002b0                VADC0_G1_0_IRQHandler
                0x080002b0                USB0_0_IRQHandler
                0x080002b0                CAN0_5_IRQHandler
                0x080002b0                CCU80_0_IRQHandler
                0x080002b0                CCU40_1_IRQHandler
                0x080002b0                USIC2_1_IRQHandler
                0x080002b0                USIC0_1_IRQHandler
                0x080002b0                VADC0_G3_2_IRQHandler
                0x080002b0                CCU40_3_IRQHandler
                0x080002b0                BusFault_Handler
                0x080002b0                LEDTS0_0_IRQHandler
                0x080002b0                USIC0_4_IRQHandler
                0x080002b0                CCU43_3_IRQHandler
                0x080002b0                ERU0_1_IRQHandler
                0x080002b0                VADC0_G3_0_IRQHandler
                0x080002b0                USIC1_2_IRQHandler
                0x080002b0                DSD0_3_IRQHandler
                0x080002b0                SDMMC0_0_IRQHandler
                0x080002b0                CAN0_1_IRQHandler
                0x080002b0                USIC0_2_IRQHandler
                0x080002b0                DAC0_1_IRQHandler
                0x080002b0                GPDMA1_0_IRQHandler
 *(.text .text.* .gnu.linkonce.t.*)
 .text.SystemInit
                0x080002b4       0x20 ./Startup/system_XMC4500.o
                0x080002b4                SystemInit
 .text.SystemCoreClockUpdate
                0x080002d4       0xd4 ./Startup/system_XMC4500.o
                0x080002d4                SystemCoreClockUpdate
 .text.XMC_ERU_Enable
                0x080003a8       0x24 ./Libraries/XMCLib/src/xmc4_eru.o
                0x080003a8                XMC_ERU_Enable
 .text.XMC_GPIO_Init
                0x080003cc      0x14c ./Libraries/XMCLib/src/xmc4_gpio.o
                0x080003cc                XMC_GPIO_Init
 .text.XMC_SCU_GetMirrorStatus
                0x08000518       0x18 ./Libraries/XMCLib/src/xmc4_scu.o
 .text.XMC_SCU_lDelay
                0x08000530       0x44 ./Libraries/XMCLib/src/xmc4_scu.o
 .text.XMC_SCU_INTERUPT_GetEventStatus
                0x08000574       0x18 ./Libraries/XMCLib/src/xmc4_scu.o
                0x08000574                XMC_SCU_INTERUPT_GetEventStatus
 .text.XMC_SCU_INTERRUPT_ClearEventStatus
                0x0800058c       0x1c ./Libraries/XMCLib/src/xmc4_scu.o
                0x0800058c                XMC_SCU_INTERRUPT_ClearEventStatus
 .text.XMC_SCU_CLOCK_Init
                0x080005a8       0xf8 ./Libraries/XMCLib/src/xmc4_scu.o
                0x080005a8                XMC_SCU_CLOCK_Init
 .text.XMC_SCU_RESET_DeassertPeripheralReset
                0x080006a0       0x38 ./Libraries/XMCLib/src/xmc4_scu.o
                0x080006a0                XMC_SCU_RESET_DeassertPeripheralReset
 .text.XMC_SCU_CLOCK_SetSystemClockSource
                0x080006d8       0x28 ./Libraries/XMCLib/src/xmc4_scu.o
                0x080006d8                XMC_SCU_CLOCK_SetSystemClockSource
 .text.XMC_SCU_CLOCK_SetUsbClockSource
                0x08000700       0x28 ./Libraries/XMCLib/src/xmc4_scu.o
                0x08000700                XMC_SCU_CLOCK_SetUsbClockSource
 .text.XMC_SCU_CLOCK_SetWdtClockSource
                0x08000728       0x28 ./Libraries/XMCLib/src/xmc4_scu.o
                0x08000728                XMC_SCU_CLOCK_SetWdtClockSource
 .text.XMC_SCU_CLOCK_SetSystemPllClockSource
                0x08000750       0x40 ./Libraries/XMCLib/src/xmc4_scu.o
                0x08000750                XMC_SCU_CLOCK_SetSystemPllClockSource
 .text.XMC_SCU_HIB_SetRtcClockSource
                0x08000790       0x3c ./Libraries/XMCLib/src/xmc4_scu.o
                0x08000790                XMC_SCU_HIB_SetRtcClockSource
 .text.XMC_SCU_HIB_SetStandbyClockSource
                0x080007cc       0x3c ./Libraries/XMCLib/src/xmc4_scu.o
                0x080007cc                XMC_SCU_HIB_SetStandbyClockSource
 .text.XMC_SCU_CLOCK_SetSystemClockDivider
                0x08000808       0x28 ./Libraries/XMCLib/src/xmc4_scu.o
                0x08000808                XMC_SCU_CLOCK_SetSystemClockDivider
 .text.XMC_SCU_CLOCK_SetCcuClockDivider
                0x08000830       0x28 ./Libraries/XMCLib/src/xmc4_scu.o
                0x08000830                XMC_SCU_CLOCK_SetCcuClockDivider
 .text.XMC_SCU_CLOCK_SetCpuClockDivider
                0x08000858       0x28 ./Libraries/XMCLib/src/xmc4_scu.o
                0x08000858                XMC_SCU_CLOCK_SetCpuClockDivider
 .text.XMC_SCU_CLOCK_SetPeripheralClockDivider
                0x08000880       0x28 ./Libraries/XMCLib/src/xmc4_scu.o
                0x08000880                XMC_SCU_CLOCK_SetPeripheralClockDivider
 .text.XMC_SCU_CLOCK_SetUsbClockDivider
                0x080008a8       0x28 ./Libraries/XMCLib/src/xmc4_scu.o
                0x080008a8                XMC_SCU_CLOCK_SetUsbClockDivider
 .text.XMC_SCU_CLOCK_SetEbuClockDivider
                0x080008d0       0x28 ./Libraries/XMCLib/src/xmc4_scu.o
                0x080008d0                XMC_SCU_CLOCK_SetEbuClockDivider
 .text.XMC_SCU_CLOCK_SetWdtClockDivider
                0x080008f8       0x28 ./Libraries/XMCLib/src/xmc4_scu.o
                0x080008f8                XMC_SCU_CLOCK_SetWdtClockDivider
 .text.XMC_SCU_CLOCK_EnableClock
                0x08000920       0x20 ./Libraries/XMCLib/src/xmc4_scu.o
                0x08000920                XMC_SCU_CLOCK_EnableClock
 .text.XMC_SCU_CLOCK_EnableUsbPll
                0x08000940       0x20 ./Libraries/XMCLib/src/xmc4_scu.o
                0x08000940                XMC_SCU_CLOCK_EnableUsbPll
 .text.XMC_SCU_CLOCK_StartUsbPll
                0x08000960       0xb4 ./Libraries/XMCLib/src/xmc4_scu.o
                0x08000960                XMC_SCU_CLOCK_StartUsbPll
 .text.XMC_SCU_CLOCK_SetBackupClockCalibrationMode
                0x08000a14       0x4c ./Libraries/XMCLib/src/xmc4_scu.o
                0x08000a14                XMC_SCU_CLOCK_SetBackupClockCalibrationMode
 .text.XMC_SCU_HIB_EnableHibernateDomain
                0x08000a60       0x58 ./Libraries/XMCLib/src/xmc4_scu.o
                0x08000a60                XMC_SCU_HIB_EnableHibernateDomain
 .text.XMC_SCU_CLOCK_IsLowPowerOscillatorStable
                0x08000ab8       0x24 ./Libraries/XMCLib/src/xmc4_scu.o
                0x08000ab8                XMC_SCU_CLOCK_IsLowPowerOscillatorStable
 .text.XMC_SCU_CLOCK_EnableLowPowerOscillator
                0x08000adc       0x70 ./Libraries/XMCLib/src/xmc4_scu.o
                0x08000adc                XMC_SCU_CLOCK_EnableLowPowerOscillator
 .text.XMC_SCU_CLOCK_EnableHighPerformanceOscillator
                0x08000b4c       0x50 ./Libraries/XMCLib/src/xmc4_scu.o
                0x08000b4c                XMC_SCU_CLOCK_EnableHighPerformanceOscillator
 .text.XMC_SCU_CLOCK_IsHighPerformanceOscillatorStable
                0x08000b9c       0x28 ./Libraries/XMCLib/src/xmc4_scu.o
                0x08000b9c                XMC_SCU_CLOCK_IsHighPerformanceOscillatorStable
 .text.XMC_SCU_CLOCK_EnableSystemPll
                0x08000bc4       0x20 ./Libraries/XMCLib/src/xmc4_scu.o
                0x08000bc4                XMC_SCU_CLOCK_EnableSystemPll
 .text.XMC_SCU_CLOCK_DisableSystemPll
                0x08000be4       0x20 ./Libraries/XMCLib/src/xmc4_scu.o
                0x08000be4                XMC_SCU_CLOCK_DisableSystemPll
 .text.XMC_SCU_CLOCK_StartSystemPll
                0x08000c04      0x19c ./Libraries/XMCLib/src/xmc4_scu.o
                0x08000c04                XMC_SCU_CLOCK_StartSystemPll
 .text.XMC_SCU_CLOCK_StepSystemPllFrequency
                0x08000da0       0x3c ./Libraries/XMCLib/src/xmc4_scu.o
                0x08000da0                XMC_SCU_CLOCK_StepSystemPllFrequency
 .text.XMC_CCU4_StartPrescaler
                0x08000ddc       0x1c ./Libraries/XMCLib/src/xmc_ccu4.o
 .text.XMC_CCU4_lDeassertReset
                0x08000df8       0x60 ./Libraries/XMCLib/src/xmc_ccu4.o
 .text.XMC_CCU4_EnableModule
                0x08000e58       0x1c ./Libraries/XMCLib/src/xmc_ccu4.o
                0x08000e58                XMC_CCU4_EnableModule
 .text.XMC_CCU4_Init
                0x08000e74       0x3c ./Libraries/XMCLib/src/xmc_ccu4.o
                0x08000e74                XMC_CCU4_Init
 .text.XMC_CCU4_SLICE_CompareInit
                0x08000eb0       0x6c ./Libraries/XMCLib/src/xmc_ccu4.o
                0x08000eb0                XMC_CCU4_SLICE_CompareInit
 .text.XMC_CCU4_SLICE_SetPrescaler
                0x08000f1c       0x3c ./Libraries/XMCLib/src/xmc_ccu4.o
                0x08000f1c                XMC_CCU4_SLICE_SetPrescaler
 .text.XMC_CCU4_SLICE_SetInterruptNode
                0x08000f58       0xc8 ./Libraries/XMCLib/src/xmc_ccu4.o
                0x08000f58                XMC_CCU4_SLICE_SetInterruptNode
 .text.XMC_CCU8_StartPrescaler
                0x08001020       0x1c ./Libraries/XMCLib/src/xmc_ccu8.o
 .text.XMC_CCU8_SLICE_StopTimer
                0x0800103c       0x18 ./Libraries/XMCLib/src/xmc_ccu8.o
 .text.XMC_CCU8_lDeassertReset
                0x08001054       0x38 ./Libraries/XMCLib/src/xmc_ccu8.o
 .text.XMC_CCU8_EnableModule
                0x0800108c       0x1c ./Libraries/XMCLib/src/xmc_ccu8.o
                0x0800108c                XMC_CCU8_EnableModule
 .text.XMC_CCU8_Init
                0x080010a8       0x3c ./Libraries/XMCLib/src/xmc_ccu8.o
                0x080010a8                XMC_CCU8_Init
 .text.XMC_CCU8_SLICE_CompareInit
                0x080010e4       0x74 ./Libraries/XMCLib/src/xmc_ccu8.o
                0x080010e4                XMC_CCU8_SLICE_CompareInit
 .text.XMC_CCU8_SetMultiChannelShadowTransferMode
                0x08001158       0x38 ./Libraries/XMCLib/src/xmc_ccu8.o
                0x08001158                XMC_CCU8_SetMultiChannelShadowTransferMode
 .text.XMC_CCU8_SLICE_StartConfig
                0x08001190       0x5c ./Libraries/XMCLib/src/xmc_ccu8.o
                0x08001190                XMC_CCU8_SLICE_StartConfig
 .text.XMC_CCU8_SLICE_StopConfig
                0x080011ec       0x58 ./Libraries/XMCLib/src/xmc_ccu8.o
                0x080011ec                XMC_CCU8_SLICE_StopConfig
 .text.XMC_CCU8_SLICE_LoadConfig
                0x08001244       0x34 ./Libraries/XMCLib/src/xmc_ccu8.o
                0x08001244                XMC_CCU8_SLICE_LoadConfig
 .text.XMC_CCU8_SLICE_LoadSelector
                0x08001278       0x34 ./Libraries/XMCLib/src/xmc_ccu8.o
                0x08001278                XMC_CCU8_SLICE_LoadSelector
 .text.XMC_CCU8_SLICE_ModulationConfig
                0x080012ac       0x90 ./Libraries/XMCLib/src/xmc_ccu8.o
                0x080012ac                XMC_CCU8_SLICE_ModulationConfig
 .text.XMC_CCU8_SLICE_CountConfig
                0x0800133c       0x34 ./Libraries/XMCLib/src/xmc_ccu8.o
                0x0800133c                XMC_CCU8_SLICE_CountConfig
 .text.XMC_CCU8_SLICE_GateConfig
                0x08001370       0x34 ./Libraries/XMCLib/src/xmc_ccu8.o
                0x08001370                XMC_CCU8_SLICE_GateConfig
 .text.XMC_CCU8_SLICE_DirectionConfig
                0x080013a4       0x34 ./Libraries/XMCLib/src/xmc_ccu8.o
                0x080013a4                XMC_CCU8_SLICE_DirectionConfig
 .text.XMC_CCU8_SLICE_StatusBitOverrideConfig
                0x080013d8       0x30 ./Libraries/XMCLib/src/xmc_ccu8.o
                0x080013d8                XMC_CCU8_SLICE_StatusBitOverrideConfig
 .text.XMC_CCU8_SLICE_TrapConfig
                0x08001408       0x74 ./Libraries/XMCLib/src/xmc_ccu8.o
                0x08001408                XMC_CCU8_SLICE_TrapConfig
 .text.XMC_CCU8_SLICE_ConfigureStatusBitOverrideEvent
                0x0800147c       0xc4 ./Libraries/XMCLib/src/xmc_ccu8.o
                0x0800147c                XMC_CCU8_SLICE_ConfigureStatusBitOverrideEvent
 .text.XMC_CCU8_SLICE_ConfigureEvent
                0x08001540       0xd4 ./Libraries/XMCLib/src/xmc_ccu8.o
                0x08001540                XMC_CCU8_SLICE_ConfigureEvent
 .text.XMC_CCU8_SLICE_SetTimerPeriodMatch
                0x08001614       0x1c ./Libraries/XMCLib/src/xmc_ccu8.o
                0x08001614                XMC_CCU8_SLICE_SetTimerPeriodMatch
 .text.XMC_CCU8_SLICE_SetTimerCompareMatch
                0x08001630       0x30 ./Libraries/XMCLib/src/xmc_ccu8.o
                0x08001630                XMC_CCU8_SLICE_SetTimerCompareMatch
 .text.XMC_CCU8_SLICE_SetInterruptNode
                0x08001660       0xd0 ./Libraries/XMCLib/src/xmc_ccu8.o
                0x08001660                XMC_CCU8_SLICE_SetInterruptNode
 .text.XMC_CCU8_SLICE_DeadTimeInit
                0x08001730       0x2c ./Libraries/XMCLib/src/xmc_ccu8.o
                0x08001730                XMC_CCU8_SLICE_DeadTimeInit
 .text.XMC_ERU_ETL_Init
                0x0800175c       0x4c ./Libraries/XMCLib/src/xmc_eru.o
                0x0800175c                XMC_ERU_ETL_Init
 .text.XMC_ERU_OGU_SetServiceRequestMode
                0x080017a8       0x3c ./Libraries/XMCLib/src/xmc_eru.o
                0x080017a8                XMC_ERU_OGU_SetServiceRequestMode
 .text.XMC_VADC_GROUP_ExternalMuxControlInit
                0x080017e4       0x6c ./Libraries/XMCLib/src/xmc_vadc.o
 .text.XMC_VADC_GROUP_BackgroundEnableArbitrationSlot
                0x08001850       0x24 ./Libraries/XMCLib/src/xmc_vadc.o
 .text.XMC_VADC_GROUP_BackgroundDisableArbitrationSlot
                0x08001874       0x24 ./Libraries/XMCLib/src/xmc_vadc.o
 .text.XMC_VADC_GLOBAL_EnableModule
                0x08001898        0xc ./Libraries/XMCLib/src/xmc_vadc.o
                0x08001898                XMC_VADC_GLOBAL_EnableModule
 .text.XMC_VADC_GLOBAL_Init
                0x080018a4       0x54 ./Libraries/XMCLib/src/xmc_vadc.o
                0x080018a4                XMC_VADC_GLOBAL_Init
 .text.XMC_VADC_GLOBAL_InputClassInit
                0x080018f8       0x48 ./Libraries/XMCLib/src/xmc_vadc.o
                0x080018f8                XMC_VADC_GLOBAL_InputClassInit
 .text.XMC_VADC_GLOBAL_StartupCalibration
                0x08001940       0x64 ./Libraries/XMCLib/src/xmc_vadc.o
                0x08001940                XMC_VADC_GLOBAL_StartupCalibration
 .text.XMC_VADC_GLOBAL_BackgroundSetReqSrcEventInterruptNode
                0x080019a4       0x48 ./Libraries/XMCLib/src/xmc_vadc.o
                0x080019a4                XMC_VADC_GLOBAL_BackgroundSetReqSrcEventInterruptNode
 .text.XMC_VADC_GROUP_Init
                0x080019ec       0x68 ./Libraries/XMCLib/src/xmc_vadc.o
                0x080019ec                XMC_VADC_GROUP_Init
 .text.XMC_VADC_GROUP_InputClassInit
                0x08001a54       0xb8 ./Libraries/XMCLib/src/xmc_vadc.o
                0x08001a54                XMC_VADC_GROUP_InputClassInit
 .text.XMC_VADC_GROUP_SetPowerMode
                0x08001b0c       0x38 ./Libraries/XMCLib/src/xmc_vadc.o
                0x08001b0c                XMC_VADC_GROUP_SetPowerMode
 .text.XMC_VADC_GLOBAL_BackgroundInit
                0x08001b44       0xfc ./Libraries/XMCLib/src/xmc_vadc.o
                0x08001b44                XMC_VADC_GLOBAL_BackgroundInit
 .text.XMC_VADC_GROUP_ChannelInit
                0x08001c40       0xc8 ./Libraries/XMCLib/src/xmc_vadc.o
                0x08001c40                XMC_VADC_GROUP_ChannelInit
 .text._sbrk    0x08001d08       0x68 ./Libraries/Newlib/syscalls.o
                0x08001d08                _sbrk
 .text._init    0x08001d70        0xc ./Libraries/Newlib/syscalls.o
                0x08001d70                _init
 .text.delay_ms
                0x08001d7c       0x20 ./Libraries/lcd-routines.o
                0x08001d7c                delay_ms
 .text.lcd_enable
                0x08001d9c       0x2c ./Libraries/lcd-routines.o
 .text.buffer_enable
                0x08001dc8       0x2c ./Libraries/lcd-routines.o
 .text.lcd_out  0x08001df4       0x3c ./Libraries/lcd-routines.o
 .text.lcd_init
                0x08001e30       0x98 ./Libraries/lcd-routines.o
                0x08001e30                lcd_init
 .text.lcd_data
                0x08001ec8       0x40 ./Libraries/lcd-routines.o
                0x08001ec8                lcd_data
 .text.lcd_command
                0x08001f08       0x40 ./Libraries/lcd-routines.o
                0x08001f08                lcd_command
 .text.lcd_clear
                0x08001f48       0x14 ./Libraries/lcd-routines.o
                0x08001f48                lcd_clear
 .text.lcd_home
                0x08001f5c       0x14 ./Libraries/lcd-routines.o
                0x08001f5c                lcd_home
 .text.lcd_setcursor
                0x08001f70       0x3c ./Libraries/lcd-routines.o
                0x08001f70                lcd_setcursor
 .text.lcd_string
                0x08001fac       0x28 ./Libraries/lcd-routines.o
                0x08001fac                lcd_string
 .text.XMC_CCU4_EnableClock
                0x08001fd4       0x20 ./Dave/Generated/TIMER/timer.o
 .text.XMC_CCU4_SLICE_IsTimerRunning
                0x08001ff4       0x28 ./Dave/Generated/TIMER/timer.o
 .text.XMC_CCU4_SLICE_StartTimer
                0x0800201c       0x18 ./Dave/Generated/TIMER/timer.o
 .text.XMC_CCU4_SLICE_StopTimer
                0x08002034       0x18 ./Dave/Generated/TIMER/timer.o
 .text.XMC_CCU4_SLICE_ClearTimer
                0x0800204c       0x18 ./Dave/Generated/TIMER/timer.o
 .text.XMC_CCU4_SLICE_SetTimerPeriodMatch
                0x08002064       0x1c ./Dave/Generated/TIMER/timer.o
 .text.XMC_CCU4_SLICE_SetTimerCompareMatch
                0x08002080       0x1c ./Dave/Generated/TIMER/timer.o
 .text.XMC_CCU4_EnableShadowTransfer
                0x0800209c       0x1c ./Dave/Generated/TIMER/timer.o
 .text.XMC_CCU4_SLICE_EnableEvent
                0x080020b8       0x2c ./Dave/Generated/TIMER/timer.o
 .text.TIMER_Init
                0x080020e4       0x3c ./Dave/Generated/TIMER/timer.o
                0x080020e4                TIMER_Init
 .text.TIMER_Start
                0x08002120       0x3c ./Dave/Generated/TIMER/timer.o
                0x08002120                TIMER_Start
 .text.TIMER_Stop
                0x0800215c       0x48 ./Dave/Generated/TIMER/timer.o
                0x0800215c                TIMER_Stop
 .text.TIMER_GetTimerStatus
                0x080021a4       0x30 ./Dave/Generated/TIMER/timer.o
                0x080021a4                TIMER_GetTimerStatus
 *fill*         0x080021d4        0x4 
 .text.TIMER_SetTimeInterval
                0x080021d8      0x128 ./Dave/Generated/TIMER/timer.o
                0x080021d8                TIMER_SetTimeInterval
 .text.TIMER_CCU4_lInit
                0x08002300       0x98 ./Dave/Generated/TIMER/timer.o
                0x08002300                TIMER_CCU4_lInit
 .text.TIMER_CCU4_lShadowTransfer
                0x08002398       0x3c ./Dave/Generated/TIMER/timer.o
                0x08002398                TIMER_CCU4_lShadowTransfer
 .text.XMC_CCU8_EnableClock
                0x080023d4       0x20 ./Dave/Generated/PWM_CCU8/pwm_ccu8.o
 .text.XMC_CCU8_SLICE_EnableTrap
                0x080023f4       0x24 ./Dave/Generated/PWM_CCU8/pwm_ccu8.o
 .text.XMC_CCU8_SLICE_StartTimer
                0x08002418       0x18 ./Dave/Generated/PWM_CCU8/pwm_ccu8.o
 .text.XMC_CCU8_SLICE_StopTimer
                0x08002430       0x18 ./Dave/Generated/PWM_CCU8/pwm_ccu8.o
 .text.XMC_CCU8_SLICE_ClearTimer
                0x08002448       0x18 ./Dave/Generated/PWM_CCU8/pwm_ccu8.o
 .text.XMC_CCU8_SLICE_GetTimerPeriodMatch
                0x08002460       0x1c ./Dave/Generated/PWM_CCU8/pwm_ccu8.o
 .text.XMC_CCU8_EnableShadowTransfer
                0x0800247c       0x1c ./Dave/Generated/PWM_CCU8/pwm_ccu8.o
 .text.XMC_CCU8_SLICE_EnableEvent
                0x08002498       0x2c ./Dave/Generated/PWM_CCU8/pwm_ccu8.o
 .text.PWM_CCU8_Init
                0x080024c4      0x15c ./Dave/Generated/PWM_CCU8/pwm_ccu8.o
                0x080024c4                PWM_CCU8_Init
 .text.PWM_CCU8_lInit_Interrupt
                0x08002620      0x188 ./Dave/Generated/PWM_CCU8/pwm_ccu8.o
 .text.PWM_CCU8_lInit_GPIO
                0x080027a8       0xb8 ./Dave/Generated/PWM_CCU8/pwm_ccu8.o
 .text.PWM_CCU8_lConfigure_Events
                0x08002860      0x1e0 ./Dave/Generated/PWM_CCU8/pwm_ccu8.o
 .text.PWM_CCU8_Start
                0x08002a40       0x58 ./Dave/Generated/PWM_CCU8/pwm_ccu8.o
                0x08002a40                PWM_CCU8_Start
 .text.PWM_CCU8_Stop
                0x08002a98       0x3c ./Dave/Generated/PWM_CCU8/pwm_ccu8.o
                0x08002a98                PWM_CCU8_Stop
 .text.PWM_CCU8_SetDutyCycleSymmetric
                0x08002ad4       0x98 ./Dave/Generated/PWM_CCU8/pwm_ccu8.o
                0x08002ad4                PWM_CCU8_SetDutyCycleSymmetric
 .text.PWM_CCU8_SetFreqAndDutyCycleSymmetric
                0x08002b6c      0x10c ./Dave/Generated/PWM_CCU8/pwm_ccu8.o
                0x08002b6c                PWM_CCU8_SetFreqAndDutyCycleSymmetric
 .text.__NVIC_GetPriorityGrouping
                0x08002c78       0x1c ./Dave/Generated/PIN_INTERRUPT/pin_interrupt.o
 .text.__NVIC_EnableIRQ
                0x08002c94       0x38 ./Dave/Generated/PIN_INTERRUPT/pin_interrupt.o
 .text.__NVIC_ClearPendingIRQ
                0x08002ccc       0x3c ./Dave/Generated/PIN_INTERRUPT/pin_interrupt.o
 .text.__NVIC_SetPriority
                0x08002d08       0x54 ./Dave/Generated/PIN_INTERRUPT/pin_interrupt.o
 .text.NVIC_EncodePriority
                0x08002d5c       0x64 ./Dave/Generated/PIN_INTERRUPT/pin_interrupt.o
 .text.PIN_INTERRUPT_Init
                0x08002dc0       0xa0 ./Dave/Generated/PIN_INTERRUPT/pin_interrupt.o
                0x08002dc0                PIN_INTERRUPT_Init
 .text.__NVIC_GetPriorityGrouping
                0x08002e60       0x1c ./Dave/Generated/INTERRUPT/interrupt.o
 .text.__NVIC_EnableIRQ
                0x08002e7c       0x38 ./Dave/Generated/INTERRUPT/interrupt.o
 .text.__NVIC_SetPriority
                0x08002eb4       0x54 ./Dave/Generated/INTERRUPT/interrupt.o
 .text.NVIC_EncodePriority
                0x08002f08       0x64 ./Dave/Generated/INTERRUPT/interrupt.o
 .text.INTERRUPT_Enable
                0x08002f6c       0x1c ./Dave/Generated/INTERRUPT/interrupt.o
 .text.INTERRUPT_Init
                0x08002f88       0x4c ./Dave/Generated/INTERRUPT/interrupt.o
                0x08002f88                INTERRUPT_Init
 .text.XMC_CCU8_StartPrescaler
                0x08002fd4       0x1c ./Dave/Generated/GLOBAL_CCU8/global_ccu8.o
 .text.GLOBAL_CCU8_Init
                0x08002ff0       0x40 ./Dave/Generated/GLOBAL_CCU8/global_ccu8.o
                0x08002ff0                GLOBAL_CCU8_Init
 .text.XMC_CCU4_StartPrescaler
                0x08003030       0x1c ./Dave/Generated/GLOBAL_CCU4/global_ccu4.o
 .text.GLOBAL_CCU4_Init
                0x0800304c       0x40 ./Dave/Generated/GLOBAL_CCU4/global_ccu4.o
                0x0800304c                GLOBAL_CCU4_Init
 .text.XMC_VADC_GLOBAL_DisablePostCalibration
                0x0800308c       0x2c ./Dave/Generated/GLOBAL_ADC/global_adc.o
 .text.GLOBAL_ADC_Init
                0x080030b8       0xb0 ./Dave/Generated/GLOBAL_ADC/global_adc.o
                0x080030b8                GLOBAL_ADC_Init
 .text.__NVIC_SetPriorityGrouping
                0x08003168       0x48 ./Dave/Generated/CPU_CTRL_XMC4/cpu_ctrl_xmc4_conf.o
 .text.SystemCoreSetup
                0x080031b0       0xa0 ./Dave/Generated/CPU_CTRL_XMC4/cpu_ctrl_xmc4_conf.o
                0x080031b0                SystemCoreSetup
 .text.CLOCK_XMC4_Init
                0x08003250       0x20 ./Dave/Generated/CLOCK_XMC4/clock_xmc4.o
                0x08003250                CLOCK_XMC4_Init
 .text.OSCHP_GetFrequency
                0x08003270       0x14 ./Dave/Generated/CLOCK_XMC4/clock_xmc4.o
                0x08003270                OSCHP_GetFrequency
 .text.SystemCoreClockSetup
                0x08003284       0x58 ./Dave/Generated/CLOCK_XMC4/clock_xmc4_conf.o
                0x08003284                SystemCoreClockSetup
 .text.__NVIC_GetPriorityGrouping
                0x080032dc       0x1c ./Dave/Generated/ADC_MEASUREMENT/adc_measurement.o
 .text.__NVIC_EnableIRQ
                0x080032f8       0x38 ./Dave/Generated/ADC_MEASUREMENT/adc_measurement.o
 .text.__NVIC_SetPriority
                0x08003330       0x54 ./Dave/Generated/ADC_MEASUREMENT/adc_measurement.o
 .text.NVIC_EncodePriority
                0x08003384       0x64 ./Dave/Generated/ADC_MEASUREMENT/adc_measurement.o
 .text.XMC_VADC_GLOBAL_BackgroundTriggerConversion
                0x080033e8       0x24 ./Dave/Generated/ADC_MEASUREMENT/adc_measurement.o
 .text.XMC_VADC_GLOBAL_BackgroundAddChannelToSequence
                0x0800340c       0x38 ./Dave/Generated/ADC_MEASUREMENT/adc_measurement.o
 .text.XMC_VADC_GROUP_ResultInit
                0x08003444       0x24 ./Dave/Generated/ADC_MEASUREMENT/adc_measurement.o
 .text.XMC_VADC_GROUP_GetResult
                0x08003468       0x24 ./Dave/Generated/ADC_MEASUREMENT/adc_measurement.o
 .text.ADC_MEASUREMENT_Init
                0x0800348c      0x150 ./Dave/Generated/ADC_MEASUREMENT/adc_measurement.o
                0x0800348c                ADC_MEASUREMENT_Init
 .text.ADC_MEASUREMENT_StartConversion
                0x080035dc       0x1c ./Dave/Generated/ADC_MEASUREMENT/adc_measurement.o
                0x080035dc                ADC_MEASUREMENT_StartConversion
 .text.ADC_MEASUREMENT_GetResult
                0x080035f8       0x30 ./Dave/Generated/ADC_MEASUREMENT/adc_measurement.o
                0x080035f8                ADC_MEASUREMENT_GetResult
 .text.DAVE_Init
                0x08003628       0xec ./Dave/Generated/DAVE.o
                0x08003628                DAVE_Init
 .text.write_display
                0x08003714      0x128 ./main.o
                0x08003714                write_display
 *fill*         0x0800383c        0x4 
 .text.change_frequency
                0x08003840      0x308 ./main.o
                0x08003840                change_frequency
 .text.VADC0_C0_2_IRQHandler
                0x08003b48       0x98 ./main.o
                0x08003b48                VADC0_C0_2_IRQHandler
 .text.sinus_dreieck_vergleich
                0x08003be0      0x228 ./main.o
                0x08003be0                sinus_dreieck_vergleich
 .text.CCU43_1_IRQHandler
                0x08003e08       0x88 ./main.o
                0x08003e08                CCU43_1_IRQHandler
 .text.ERU0_3_IRQHandler
                0x08003e90       0xc4 ./main.o
                0x08003e90                ERU0_3_IRQHandler
 .text.ERU1_0_IRQHandler
                0x08003f54       0x84 ./main.o
                0x08003f54                ERU1_0_IRQHandler
 .text.ERU1_3_IRQHandler
                0x08003fd8       0x3c ./main.o
                0x08003fd8                ERU1_3_IRQHandler
 *fill*         0x08004014        0x4 
 .text.main     0x08004018       0x80 ./main.o
                0x08004018                main
 .text.sin      0x08004098       0x94 d:/4.5.0.202105191637/eclipse/arm-gcc-49/bin/../lib/gcc/arm-none-eabi/4.9.3/../../../../arm-none-eabi/lib/armv7e-m/softfp\libm.a(lib_a-s_sin.o)
                0x08004098                sin
 *fill*         0x0800412c        0x4 
 .text.__ieee754_rem_pio2
                0x08004130      0x440 d:/4.5.0.202105191637/eclipse/arm-gcc-49/bin/../lib/gcc/arm-none-eabi/4.9.3/../../../../arm-none-eabi/lib/armv7e-m/softfp\libm.a(lib_a-e_rem_pio2.o)
                0x08004130                __ieee754_rem_pio2
 .text.__kernel_cos
                0x08004570      0x250 d:/4.5.0.202105191637/eclipse/arm-gcc-49/bin/../lib/gcc/arm-none-eabi/4.9.3/../../../../arm-none-eabi/lib/armv7e-m/softfp\libm.a(lib_a-k_cos.o)
                0x08004570                __kernel_cos
 .text.__kernel_rem_pio2
                0x080047c0      0x7d8 d:/4.5.0.202105191637/eclipse/arm-gcc-49/bin/../lib/gcc/arm-none-eabi/4.9.3/../../../../arm-none-eabi/lib/armv7e-m/softfp\libm.a(lib_a-k_rem_pio2.o)
                0x080047c0                __kernel_rem_pio2
 .text.__kernel_sin
                0x08004f98      0x170 d:/4.5.0.202105191637/eclipse/arm-gcc-49/bin/../lib/gcc/arm-none-eabi/4.9.3/../../../../arm-none-eabi/lib/armv7e-m/softfp\libm.a(lib_a-k_sin.o)
                0x08004f98                __kernel_sin
 .text.fabs     0x08005108        0x8 d:/4.5.0.202105191637/eclipse/arm-gcc-49/bin/../lib/gcc/arm-none-eabi/4.9.3/../../../../arm-none-eabi/lib/armv7e-m/softfp\libm.a(lib_a-s_fabs.o)
                0x08005108                fabs
 .text.floor    0x08005110      0x110 d:/4.5.0.202105191637/eclipse/arm-gcc-49/bin/../lib/gcc/arm-none-eabi/4.9.3/../../../../arm-none-eabi/lib/armv7e-m/softfp\libm.a(lib_a-s_floor.o)
                0x08005110                floor
 .text.scalbn   0x08005220      0x108 d:/4.5.0.202105191637/eclipse/arm-gcc-49/bin/../lib/gcc/arm-none-eabi/4.9.3/../../../../arm-none-eabi/lib/armv7e-m/softfp\libm.a(lib_a-s_scalbn.o)
                0x08005220                scalbn
 .text.copysign
                0x08005328       0x10 d:/4.5.0.202105191637/eclipse/arm-gcc-49/bin/../lib/gcc/arm-none-eabi/4.9.3/../../../../arm-none-eabi/lib/armv7e-m/softfp\libm.a(lib_a-s_copysign.o)
                0x08005328                copysign
 .text          0x08005338      0x370 d:/4.5.0.202105191637/eclipse/arm-gcc-49/bin/../lib/gcc/arm-none-eabi/4.9.3/armv7e-m/softfp\libgcc.a(_arm_addsubdf3.o)
                0x08005338                __aeabi_drsub
                0x08005340                __aeabi_dsub
                0x08005340                __subdf3
                0x08005344                __aeabi_dadd
                0x08005344                __adddf3
                0x080055bc                __floatunsidf
                0x080055bc                __aeabi_ui2d
                0x080055dc                __floatsidf
                0x080055dc                __aeabi_i2d
                0x08005600                __aeabi_f2d
                0x08005600                __extendsfdf2
                0x0800563c                __floatundidf
                0x0800563c                __aeabi_ul2d
                0x0800564c                __floatdidf
                0x0800564c                __aeabi_l2d
 .text          0x080056a8      0x424 d:/4.5.0.202105191637/eclipse/arm-gcc-49/bin/../lib/gcc/arm-none-eabi/4.9.3/armv7e-m/softfp\libgcc.a(_arm_muldivdf3.o)
                0x080056a8                __aeabi_dmul
                0x080056a8                __muldf3
                0x080058fc                __divdf3
                0x080058fc                __aeabi_ddiv
 .text          0x08005acc      0x110 d:/4.5.0.202105191637/eclipse/arm-gcc-49/bin/../lib/gcc/arm-none-eabi/4.9.3/armv7e-m/softfp\libgcc.a(_arm_cmpdf2.o)
                0x08005acc                __gtdf2
                0x08005acc                __gedf2
                0x08005ad4                __ltdf2
                0x08005ad4                __ledf2
                0x08005adc                __nedf2
                0x08005adc                __eqdf2
                0x08005adc                __cmpdf2
                0x08005b58                __aeabi_cdrcmple
                0x08005b68                __aeabi_cdcmpeq
                0x08005b68                __aeabi_cdcmple
                0x08005b78                __aeabi_dcmpeq
                0x08005b8c                __aeabi_dcmplt
                0x08005ba0                __aeabi_dcmple
                0x08005bb4                __aeabi_dcmpge
                0x08005bc8                __aeabi_dcmpgt
 .text          0x08005bdc       0x50 d:/4.5.0.202105191637/eclipse/arm-gcc-49/bin/../lib/gcc/arm-none-eabi/4.9.3/armv7e-m/softfp\libgcc.a(_arm_fixdfsi.o)
                0x08005bdc                __aeabi_d2iz
                0x08005bdc                __fixdfsi
 .text          0x08005c2c       0x40 d:/4.5.0.202105191637/eclipse/arm-gcc-49/bin/../lib/gcc/arm-none-eabi/4.9.3/armv7e-m/softfp\libgcc.a(_arm_fixunsdfsi.o)
                0x08005c2c                __aeabi_d2uiz
                0x08005c2c                __fixunsdfsi
 .text          0x08005c6c       0x2c d:/4.5.0.202105191637/eclipse/arm-gcc-49/bin/../lib/gcc/arm-none-eabi/4.9.3/armv7e-m/softfp\libgcc.a(_aeabi_uldivmod.o)
                0x08005c6c                __aeabi_uldivmod
 .text          0x08005c98       0x60 d:/4.5.0.202105191637/eclipse/arm-gcc-49/bin/../lib/gcc/arm-none-eabi/4.9.3/armv7e-m/softfp\libgcc.a(bpabi.o)
                0x08005c98                __gnu_ldivmod_helper
                0x08005cc8                __gnu_uldivmod_helper
 .text          0x08005cf8        0x4 d:/4.5.0.202105191637/eclipse/arm-gcc-49/bin/../lib/gcc/arm-none-eabi/4.9.3/armv7e-m/softfp\libgcc.a(_dvmd_tls.o)
                0x08005cf8                __aeabi_idiv0
                0x08005cf8                __aeabi_ldiv0
 .text          0x08005cfc      0x29c d:/4.5.0.202105191637/eclipse/arm-gcc-49/bin/../lib/gcc/arm-none-eabi/4.9.3/armv7e-m/softfp\libgcc.a(_divdi3.o)
                0x08005cfc                __divdi3
 .text          0x08005f98      0x26c d:/4.5.0.202105191637/eclipse/arm-gcc-49/bin/../lib/gcc/arm-none-eabi/4.9.3/armv7e-m/softfp\libgcc.a(_udivdi3.o)
                0x08005f98                __udivdi3
 .text.__errno  0x08006204        0xc d:/4.5.0.202105191637/eclipse/arm-gcc-49/bin/../lib/gcc/arm-none-eabi/4.9.3/../../../../arm-none-eabi/lib/armv7e-m/softfp\libg_nano.a(lib_a-errno.o)
                0x08006204                __errno
 .text.__libc_init_array
                0x08006210       0x4c d:/4.5.0.202105191637/eclipse/arm-gcc-49/bin/../lib/gcc/arm-none-eabi/4.9.3/../../../../arm-none-eabi/lib/armv7e-m/softfp\libg_nano.a(lib_a-init.o)
                0x08006210                __libc_init_array
 .text.memcpy   0x0800625c       0x16 d:/4.5.0.202105191637/eclipse/arm-gcc-49/bin/../lib/gcc/arm-none-eabi/4.9.3/../../../../arm-none-eabi/lib/armv7e-m/softfp\libg_nano.a(lib_a-memcpy.o)
                0x0800625c                memcpy
 .text.memset   0x08006272       0x10 d:/4.5.0.202105191637/eclipse/arm-gcc-49/bin/../lib/gcc/arm-none-eabi/4.9.3/../../../../arm-none-eabi/lib/armv7e-m/softfp\libg_nano.a(lib_a-memset.o)
                0x08006272                memset
 .text.__cvt    0x08006282       0xc0 d:/4.5.0.202105191637/eclipse/arm-gcc-49/bin/../lib/gcc/arm-none-eabi/4.9.3/../../../../arm-none-eabi/lib/armv7e-m/softfp\libg_nano.a(lib_a-nano-vfprintf_float.o)
                0x08006282                __cvt
 .text.__exponent
                0x08006342       0x60 d:/4.5.0.202105191637/eclipse/arm-gcc-49/bin/../lib/gcc/arm-none-eabi/4.9.3/../../../../arm-none-eabi/lib/armv7e-m/softfp\libg_nano.a(lib_a-nano-vfprintf_float.o)
                0x08006342                __exponent
 *fill*         0x080063a2        0x2 
 .text._printf_float
                0x080063a4      0x488 d:/4.5.0.202105191637/eclipse/arm-gcc-49/bin/../lib/gcc/arm-none-eabi/4.9.3/../../../../arm-none-eabi/lib/armv7e-m/softfp\libg_nano.a(lib_a-nano-vfprintf_float.o)
                0x080063a4                _printf_float
 .text._printf_common
                0x0800682c       0xea d:/4.5.0.202105191637/eclipse/arm-gcc-49/bin/../lib/gcc/arm-none-eabi/4.9.3/../../../../arm-none-eabi/lib/armv7e-m/softfp\libg_nano.a(lib_a-nano-vfprintf_i.o)
                0x0800682c                _printf_common
 *fill*         0x08006916        0x2 
 .text._printf_i
                0x08006918      0x234 d:/4.5.0.202105191637/eclipse/arm-gcc-49/bin/../lib/gcc/arm-none-eabi/4.9.3/../../../../arm-none-eabi/lib/armv7e-m/softfp\libg_nano.a(lib_a-nano-vfprintf_i.o)
                0x08006918                _printf_i
 .text.__fpclassifyd
                0x08006b4c       0x54 d:/4.5.0.202105191637/eclipse/arm-gcc-49/bin/../lib/gcc/arm-none-eabi/4.9.3/../../../../arm-none-eabi/lib/armv7e-m/softfp\libg_nano.a(lib_a-s_fpclassify.o)
                0x08006b4c                __fpclassifyd
 .text.snprintf
                0x08006ba0       0x64 d:/4.5.0.202105191637/eclipse/arm-gcc-49/bin/../lib/gcc/arm-none-eabi/4.9.3/../../../../arm-none-eabi/lib/armv7e-m/softfp\libg_nano.a(lib_a-snprintf.o)
                0x08006ba0                sniprintf
                0x08006ba0                snprintf
 .text.strcat   0x08006c04       0x1e d:/4.5.0.202105191637/eclipse/arm-gcc-49/bin/../lib/gcc/arm-none-eabi/4.9.3/../../../../arm-none-eabi/lib/armv7e-m/softfp\libg_nano.a(lib_a-strcat.o)
                0x08006c04                strcat
 .text.strlen   0x08006c22       0x10 d:/4.5.0.202105191637/eclipse/arm-gcc-49/bin/../lib/gcc/arm-none-eabi/4.9.3/../../../../arm-none-eabi/lib/armv7e-m/softfp\libg_nano.a(lib_a-strlen.o)
                0x08006c22                strlen
 .text.quorem   0x08006c32      0x11a d:/4.5.0.202105191637/eclipse/arm-gcc-49/bin/../lib/gcc/arm-none-eabi/4.9.3/../../../../arm-none-eabi/lib/armv7e-m/softfp\libg_nano.a(lib_a-dtoa.o)
 *fill*         0x08006d4c        0x4 
 .text._dtoa_r  0x08006d50      0xb88 d:/4.5.0.202105191637/eclipse/arm-gcc-49/bin/../lib/gcc/arm-none-eabi/4.9.3/../../../../arm-none-eabi/lib/armv7e-m/softfp\libg_nano.a(lib_a-dtoa.o)
                0x08006d50                _dtoa_r
 .text._localeconv_r
                0x080078d8        0x8 d:/4.5.0.202105191637/eclipse/arm-gcc-49/bin/../lib/gcc/arm-none-eabi/4.9.3/../../../../arm-none-eabi/lib/armv7e-m/softfp\libg_nano.a(lib_a-locale.o)
                0x080078d8                _localeconv_r
 .text.malloc   0x080078e0       0x10 d:/4.5.0.202105191637/eclipse/arm-gcc-49/bin/../lib/gcc/arm-none-eabi/4.9.3/../../../../arm-none-eabi/lib/armv7e-m/softfp\libg_nano.a(lib_a-malloc.o)
                0x080078e0                malloc
 .text.memchr   0x080078f0       0x1e d:/4.5.0.202105191637/eclipse/arm-gcc-49/bin/../lib/gcc/arm-none-eabi/4.9.3/../../../../arm-none-eabi/lib/armv7e-m/softfp\libg_nano.a(lib_a-memchr.o)
                0x080078f0                memchr
 .text._Balloc  0x0800790e       0x6a d:/4.5.0.202105191637/eclipse/arm-gcc-49/bin/../lib/gcc/arm-none-eabi/4.9.3/../../../../arm-none-eabi/lib/armv7e-m/softfp\libg_nano.a(lib_a-mprec.o)
                0x0800790e                _Balloc
 .text._Bfree   0x08007978       0x2e d:/4.5.0.202105191637/eclipse/arm-gcc-49/bin/../lib/gcc/arm-none-eabi/4.9.3/../../../../arm-none-eabi/lib/armv7e-m/softfp\libg_nano.a(lib_a-mprec.o)
                0x08007978                _Bfree
 .text.__multadd
                0x080079a6       0x7c d:/4.5.0.202105191637/eclipse/arm-gcc-49/bin/../lib/gcc/arm-none-eabi/4.9.3/../../../../arm-none-eabi/lib/armv7e-m/softfp\libg_nano.a(lib_a-mprec.o)
                0x080079a6                __multadd
 .text.__hi0bits
                0x08007a22       0x40 d:/4.5.0.202105191637/eclipse/arm-gcc-49/bin/../lib/gcc/arm-none-eabi/4.9.3/../../../../arm-none-eabi/lib/armv7e-m/softfp\libg_nano.a(lib_a-mprec.o)
                0x08007a22                __hi0bits
 .text.__lo0bits
                0x08007a62       0x5a d:/4.5.0.202105191637/eclipse/arm-gcc-49/bin/../lib/gcc/arm-none-eabi/4.9.3/../../../../arm-none-eabi/lib/armv7e-m/softfp\libg_nano.a(lib_a-mprec.o)
                0x08007a62                __lo0bits
 .text.__i2b    0x08007abc       0x12 d:/4.5.0.202105191637/eclipse/arm-gcc-49/bin/../lib/gcc/arm-none-eabi/4.9.3/../../../../arm-none-eabi/lib/armv7e-m/softfp\libg_nano.a(lib_a-mprec.o)
                0x08007abc                __i2b
 .text.__multiply
                0x08007ace      0x122 d:/4.5.0.202105191637/eclipse/arm-gcc-49/bin/../lib/gcc/arm-none-eabi/4.9.3/../../../../arm-none-eabi/lib/armv7e-m/softfp\libg_nano.a(lib_a-mprec.o)
                0x08007ace                __multiply
 .text.__pow5mult
                0x08007bf0       0x9c d:/4.5.0.202105191637/eclipse/arm-gcc-49/bin/../lib/gcc/arm-none-eabi/4.9.3/../../../../arm-none-eabi/lib/armv7e-m/softfp\libg_nano.a(lib_a-mprec.o)
                0x08007bf0                __pow5mult
 .text.__lshift
                0x08007c8c       0xa6 d:/4.5.0.202105191637/eclipse/arm-gcc-49/bin/../lib/gcc/arm-none-eabi/4.9.3/../../../../arm-none-eabi/lib/armv7e-m/softfp\libg_nano.a(lib_a-mprec.o)
                0x08007c8c                __lshift
 .text.__mcmp   0x08007d32       0x38 d:/4.5.0.202105191637/eclipse/arm-gcc-49/bin/../lib/gcc/arm-none-eabi/4.9.3/../../../../arm-none-eabi/lib/armv7e-m/softfp\libg_nano.a(lib_a-mprec.o)
                0x08007d32                __mcmp
 .text.__mdiff  0x08007d6a       0xbe d:/4.5.0.202105191637/eclipse/arm-gcc-49/bin/../lib/gcc/arm-none-eabi/4.9.3/../../../../arm-none-eabi/lib/armv7e-m/softfp\libg_nano.a(lib_a-mprec.o)
                0x08007d6a                __mdiff
 .text.__d2b    0x08007e28       0xa4 d:/4.5.0.202105191637/eclipse/arm-gcc-49/bin/../lib/gcc/arm-none-eabi/4.9.3/../../../../arm-none-eabi/lib/armv7e-m/softfp\libg_nano.a(lib_a-mprec.o)
                0x08007e28                __d2b
 .text._calloc_r
                0x08007ecc       0x1c d:/4.5.0.202105191637/eclipse/arm-gcc-49/bin/../lib/gcc/arm-none-eabi/4.9.3/../../../../arm-none-eabi/lib/armv7e-m/softfp\libg_nano.a(lib_a-nano-callocr.o)
                0x08007ecc                _calloc_r
 .text._free_r  0x08007ee8       0x88 d:/4.5.0.202105191637/eclipse/arm-gcc-49/bin/../lib/gcc/arm-none-eabi/4.9.3/../../../../arm-none-eabi/lib/armv7e-m/softfp\libg_nano.a(lib_a-nano-freer.o)
                0x08007ee8                _free_r
 .text._malloc_r
                0x08007f70       0xac d:/4.5.0.202105191637/eclipse/arm-gcc-49/bin/../lib/gcc/arm-none-eabi/4.9.3/../../../../arm-none-eabi/lib/armv7e-m/softfp\libg_nano.a(lib_a-nano-mallocr.o)
                0x08007f70                _malloc_r
 .text.__ssputs_r
                0x0800801c       0xb2 d:/4.5.0.202105191637/eclipse/arm-gcc-49/bin/../lib/gcc/arm-none-eabi/4.9.3/../../../../arm-none-eabi/lib/armv7e-m/softfp\libg_nano.a(lib_a-nano-svfprintf.o)
                0x0800801c                __ssputs_r
 *fill*         0x080080ce        0x2 
 .text._svfprintf_r
                0x080080d0      0x1e4 d:/4.5.0.202105191637/eclipse/arm-gcc-49/bin/../lib/gcc/arm-none-eabi/4.9.3/../../../../arm-none-eabi/lib/armv7e-m/softfp\libg_nano.a(lib_a-nano-svfprintf.o)
                0x080080d0                _svfiprintf_r
                0x080080d0                _svfprintf_r
 .text._sbrk_r  0x080082b4       0x20 d:/4.5.0.202105191637/eclipse/arm-gcc-49/bin/../lib/gcc/arm-none-eabi/4.9.3/../../../../arm-none-eabi/lib/armv7e-m/softfp\libg_nano.a(lib_a-sbrkr.o)
                0x080082b4                _sbrk_r
 .text.memmove  0x080082d4       0x36 d:/4.5.0.202105191637/eclipse/arm-gcc-49/bin/../lib/gcc/arm-none-eabi/4.9.3/../../../../arm-none-eabi/lib/armv7e-m/softfp\libg_nano.a(lib_a-memmove.o)
                0x080082d4                memmove
 .text._realloc_r
                0x0800830a       0x4c d:/4.5.0.202105191637/eclipse/arm-gcc-49/bin/../lib/gcc/arm-none-eabi/4.9.3/../../../../arm-none-eabi/lib/armv7e-m/softfp\libg_nano.a(lib_a-nano-reallocr.o)
                0x0800830a                _realloc_r
 .text._malloc_usable_size_r
                0x08008356       0x14 d:/4.5.0.202105191637/eclipse/arm-gcc-49/bin/../lib/gcc/arm-none-eabi/4.9.3/../../../../arm-none-eabi/lib/armv7e-m/softfp\libg_nano.a(lib_a-nano-msizer.o)
                0x08008356                _malloc_usable_size_r
 *(.init)
 *(.fini)
 *crtbegin.o(.ctors)
 *crtbegin?.o(.ctors)
 *(EXCLUDE_FILE(*crtend.o *crtend?.o) .ctors)
 *(SORT(.ctors.*))
 *(.ctors)
 *crtbegin.o(.dtors)
 *crtbegin?.o(.dtors)
 *(EXCLUDE_FILE(*crtend.o *crtend?.o) .dtors)
 *(SORT(.dtors.*))
 *(.dtors)
 *(.rodata .rodata.*)
 *fill*         0x0800836a        0x2 
 .rodata.g_xmc_vadc_group_array
                0x0800836c       0x10 ./Libraries/XMCLib/src/xmc_vadc.o
 .rodata.PWM_CCU8_0_timer_handle
                0x0800837c       0x10 ./Dave/Generated/PWM_CCU8/pwm_ccu8_conf.o
                0x0800837c                PWM_CCU8_0_timer_handle
 .rodata.PWM_CCU8_0_event0_config
                0x0800838c        0x4 ./Dave/Generated/PWM_CCU8/pwm_ccu8_conf.o
                0x0800838c                PWM_CCU8_0_event0_config
 .rodata.PWM_CCU8_0_event1_config
                0x08008390        0x4 ./Dave/Generated/PWM_CCU8/pwm_ccu8_conf.o
                0x08008390                PWM_CCU8_0_event1_config
 .rodata.PWM_CCU8_0_event2_config
                0x08008394        0x4 ./Dave/Generated/PWM_CCU8/pwm_ccu8_conf.o
                0x08008394                PWM_CCU8_0_event2_config
 .rodata.PWM_CCU8_0_dt_config
                0x08008398        0xc ./Dave/Generated/PWM_CCU8/pwm_ccu8_conf.o
                0x08008398                PWM_CCU8_0_dt_config
 .rodata.PWM_CCU8_0_ch1_out0_config
                0x080083a4        0xc ./Dave/Generated/PWM_CCU8/pwm_ccu8_conf.o
                0x080083a4                PWM_CCU8_0_ch1_out0_config
 .rodata.PWM_CCU8_0_ch1_out1_config
                0x080083b0        0xc ./Dave/Generated/PWM_CCU8/pwm_ccu8_conf.o
                0x080083b0                PWM_CCU8_0_ch1_out1_config
 .rodata.PWM_CCU8_0_config_handle
                0x080083bc       0x8c ./Dave/Generated/PWM_CCU8/pwm_ccu8_conf.o
                0x080083bc                PWM_CCU8_0_config_handle
 .rodata.PWM_CCU8_1_timer_handle
                0x08008448       0x10 ./Dave/Generated/PWM_CCU8/pwm_ccu8_conf.o
                0x08008448                PWM_CCU8_1_timer_handle
 .rodata.PWM_CCU8_1_event0_config
                0x08008458        0x4 ./Dave/Generated/PWM_CCU8/pwm_ccu8_conf.o
                0x08008458                PWM_CCU8_1_event0_config
 .rodata.PWM_CCU8_1_event1_config
                0x0800845c        0x4 ./Dave/Generated/PWM_CCU8/pwm_ccu8_conf.o
                0x0800845c                PWM_CCU8_1_event1_config
 .rodata.PWM_CCU8_1_event2_config
                0x08008460        0x4 ./Dave/Generated/PWM_CCU8/pwm_ccu8_conf.o
                0x08008460                PWM_CCU8_1_event2_config
 .rodata.PWM_CCU8_1_dt_config
                0x08008464        0xc ./Dave/Generated/PWM_CCU8/pwm_ccu8_conf.o
                0x08008464                PWM_CCU8_1_dt_config
 .rodata.PWM_CCU8_1_ch1_out0_config
                0x08008470        0xc ./Dave/Generated/PWM_CCU8/pwm_ccu8_conf.o
                0x08008470                PWM_CCU8_1_ch1_out0_config
 .rodata.PWM_CCU8_1_ch1_out1_config
                0x0800847c        0xc ./Dave/Generated/PWM_CCU8/pwm_ccu8_conf.o
                0x0800847c                PWM_CCU8_1_ch1_out1_config
 .rodata.PWM_CCU8_1_config_handle
                0x08008488       0x8c ./Dave/Generated/PWM_CCU8/pwm_ccu8_conf.o
                0x08008488                PWM_CCU8_1_config_handle
 .rodata.PWM_CCU8_2_timer_handle
                0x08008514       0x10 ./Dave/Generated/PWM_CCU8/pwm_ccu8_conf.o
                0x08008514                PWM_CCU8_2_timer_handle
 .rodata.PWM_CCU8_2_event0_config
                0x08008524        0x4 ./Dave/Generated/PWM_CCU8/pwm_ccu8_conf.o
                0x08008524                PWM_CCU8_2_event0_config
 .rodata.PWM_CCU8_2_event1_config
                0x08008528        0x4 ./Dave/Generated/PWM_CCU8/pwm_ccu8_conf.o
                0x08008528                PWM_CCU8_2_event1_config
 .rodata.PWM_CCU8_2_event2_config
                0x0800852c        0x4 ./Dave/Generated/PWM_CCU8/pwm_ccu8_conf.o
                0x0800852c                PWM_CCU8_2_event2_config
 .rodata.PWM_CCU8_2_dt_config
                0x08008530        0xc ./Dave/Generated/PWM_CCU8/pwm_ccu8_conf.o
                0x08008530                PWM_CCU8_2_dt_config
 .rodata.PWM_CCU8_2_ch1_out0_config
                0x0800853c        0xc ./Dave/Generated/PWM_CCU8/pwm_ccu8_conf.o
                0x0800853c                PWM_CCU8_2_ch1_out0_config
 .rodata.PWM_CCU8_2_ch1_out1_config
                0x08008548        0xc ./Dave/Generated/PWM_CCU8/pwm_ccu8_conf.o
                0x08008548                PWM_CCU8_2_ch1_out1_config
 .rodata.PWM_CCU8_2_config_handle
                0x08008554       0x8c ./Dave/Generated/PWM_CCU8/pwm_ccu8_conf.o
                0x08008554                PWM_CCU8_2_config_handle
 .rodata.PIN_INTERRUPT_0
                0x080085e0       0x24 ./Dave/Generated/PIN_INTERRUPT/pin_interrupt_conf.o
                0x080085e0                PIN_INTERRUPT_0
 .rodata.PIN_INTERRUPT_1
                0x08008604       0x24 ./Dave/Generated/PIN_INTERRUPT/pin_interrupt_conf.o
                0x08008604                PIN_INTERRUPT_1
 .rodata.PIN_INTERRUPT_2
                0x08008628       0x24 ./Dave/Generated/PIN_INTERRUPT/pin_interrupt_conf.o
                0x08008628                PIN_INTERRUPT_2
 .rodata.INTERRUPT_0
                0x0800864c        0x4 ./Dave/Generated/INTERRUPT/interrupt_conf.o
                0x0800864c                INTERRUPT_0
 .rodata.group_init_handle0
                0x08008650       0x14 ./Dave/Generated/GLOBAL_ADC/global_adc_conf.o
                0x08008650                group_init_handle0
 .rodata.group_init_handle1
                0x08008664       0x14 ./Dave/Generated/GLOBAL_ADC/global_adc_conf.o
                0x08008664                group_init_handle1
 .rodata.group_init_handle2
                0x08008678       0x14 ./Dave/Generated/GLOBAL_ADC/global_adc_conf.o
                0x08008678                group_init_handle2
 .rodata.group_init_handle3
                0x0800868c       0x14 ./Dave/Generated/GLOBAL_ADC/global_adc_conf.o
                0x0800868c                group_init_handle3
 .rodata.global_config
                0x080086a0       0x18 ./Dave/Generated/GLOBAL_ADC/global_adc_conf.o
                0x080086a0                global_config
 .rodata        0x080086b8       0x14 ./Dave/Generated/CLOCK_XMC4/clock_xmc4_conf.o
 .rodata.global_iclass_config
                0x080086cc        0x4 ./Dave/Generated/ADC_MEASUREMENT/adc_measurement_conf.o
                0x080086cc                global_iclass_config
 .rodata.backgnd_rs_intr_handle
                0x080086d0        0xc ./Dave/Generated/ADC_MEASUREMENT/adc_measurement_conf.o
                0x080086d0                backgnd_rs_intr_handle
 .rodata.backgnd_config
                0x080086dc        0xc ./Dave/Generated/ADC_MEASUREMENT/adc_measurement_conf.o
                0x080086dc                backgnd_config
 .rodata        0x080086e8        0x4 ./main.o
 .rodata.npio2_hw
                0x080086ec       0x80 d:/4.5.0.202105191637/eclipse/arm-gcc-49/bin/../lib/gcc/arm-none-eabi/4.9.3/../../../../arm-none-eabi/lib/armv7e-m/softfp\libm.a(lib_a-e_rem_pio2.o)
 .rodata.two_over_pi
                0x0800876c      0x108 d:/4.5.0.202105191637/eclipse/arm-gcc-49/bin/../lib/gcc/arm-none-eabi/4.9.3/../../../../arm-none-eabi/lib/armv7e-m/softfp\libm.a(lib_a-e_rem_pio2.o)
 .rodata.init_jk
                0x08008874       0x10 d:/4.5.0.202105191637/eclipse/arm-gcc-49/bin/../lib/gcc/arm-none-eabi/4.9.3/../../../../arm-none-eabi/lib/armv7e-m/softfp\libm.a(lib_a-k_rem_pio2.o)
 *fill*         0x08008884        0x4 
 .rodata.PIo2   0x08008888       0x40 d:/4.5.0.202105191637/eclipse/arm-gcc-49/bin/../lib/gcc/arm-none-eabi/4.9.3/../../../../arm-none-eabi/lib/armv7e-m/softfp\libm.a(lib_a-k_rem_pio2.o)
 .rodata.str1.1
                0x080088c8        0x2 d:/4.5.0.202105191637/eclipse/arm-gcc-49/bin/../lib/gcc/arm-none-eabi/4.9.3/../../../../arm-none-eabi/lib/armv7e-m/softfp\libg_nano.a(lib_a-impure.o)
 .rodata.str1.1
                0x080088ca       0x12 d:/4.5.0.202105191637/eclipse/arm-gcc-49/bin/../lib/gcc/arm-none-eabi/4.9.3/../../../../arm-none-eabi/lib/armv7e-m/softfp\libg_nano.a(lib_a-nano-vfprintf_float.o)
 .rodata.str1.1
                0x080088dc       0x22 d:/4.5.0.202105191637/eclipse/arm-gcc-49/bin/../lib/gcc/arm-none-eabi/4.9.3/../../../../arm-none-eabi/lib/armv7e-m/softfp\libg_nano.a(lib_a-nano-vfprintf_i.o)
 .rodata.str1.1
                0x080088fe        0xd d:/4.5.0.202105191637/eclipse/arm-gcc-49/bin/../lib/gcc/arm-none-eabi/4.9.3/../../../../arm-none-eabi/lib/armv7e-m/softfp\libg_nano.a(lib_a-dtoa.o)
                                  0xf (size before relaxing)
 .rodata.str1.1
                0x0800890b        0x8 d:/4.5.0.202105191637/eclipse/arm-gcc-49/bin/../lib/gcc/arm-none-eabi/4.9.3/../../../../arm-none-eabi/lib/armv7e-m/softfp\libg_nano.a(lib_a-locale.o)
                                  0xb (size before relaxing)
 *fill*         0x08008913        0x5 
 .rodata.__mprec_tens
                0x08008918       0xc8 d:/4.5.0.202105191637/eclipse/arm-gcc-49/bin/../lib/gcc/arm-none-eabi/4.9.3/../../../../arm-none-eabi/lib/armv7e-m/softfp\libg_nano.a(lib_a-mprec.o)
                0x08008918                __mprec_tens
 .rodata.__mprec_bigtens
                0x080089e0       0x28 d:/4.5.0.202105191637/eclipse/arm-gcc-49/bin/../lib/gcc/arm-none-eabi/4.9.3/../../../../arm-none-eabi/lib/armv7e-m/softfp\libg_nano.a(lib_a-mprec.o)
                0x080089e0                __mprec_bigtens
 .rodata.p05.5277
                0x08008a08        0xc d:/4.5.0.202105191637/eclipse/arm-gcc-49/bin/../lib/gcc/arm-none-eabi/4.9.3/../../../../arm-none-eabi/lib/armv7e-m/softfp\libg_nano.a(lib_a-mprec.o)
 .rodata.str1.1
                0x08008a14       0x11 d:/4.5.0.202105191637/eclipse/arm-gcc-49/bin/../lib/gcc/arm-none-eabi/4.9.3/../../../../arm-none-eabi/lib/armv7e-m/softfp\libg_nano.a(lib_a-nano-svfprintf.o)
 *(.gnu.linkonce.r*)
 *(vtable)
                0x08008a28                . = ALIGN (0x4)
 *fill*         0x08008a25        0x3 

.glue_7         0x08008a28        0x0 load address 0x0c008a28
 .glue_7        0x00000000        0x0 linker stubs

.glue_7t        0x08008a28        0x0 load address 0x0c008a28
 .glue_7t       0x00000000        0x0 linker stubs

.vfp11_veneer   0x08008a28        0x0 load address 0x0c008a28
 .vfp11_veneer  0x00000000        0x0 linker stubs

.v4_bx          0x08008a28        0x0 load address 0x0c008a28
 .v4_bx         0x00000000        0x0 linker stubs

.iplt           0x08008a28        0x0 load address 0x0c008a28
 .iplt          0x00000000        0x0 ./Startup/startup_XMC4500.o

.eh_frame_hdr
 *(.eh_frame_hdr)

.eh_frame       0x08008a28        0x0 load address 0x0c008a28
 *(.eh_frame)
 .eh_frame      0x08008a28        0x0 d:/4.5.0.202105191637/eclipse/arm-gcc-49/bin/../lib/gcc/arm-none-eabi/4.9.3/../../../../arm-none-eabi/lib/armv7e-m/softfp\libg_nano.a(lib_a-strcmp.o)
                                 0x28 (size before relaxing)

.ARM.extab
 *(.ARM.extab* .gnu.linkonce.armextab.*)
                0x08008a28                . = ALIGN (0x4)
                0x08008a28                __exidx_start = .

.ARM.exidx      0x08008a28        0x8 load address 0x0c008a28
 *(.ARM.exidx* .gnu.linkonce.armexidx.*)
 .ARM.exidx     0x08008a28        0x8 d:/4.5.0.202105191637/eclipse/arm-gcc-49/bin/../lib/gcc/arm-none-eabi/4.9.3/armv7e-m/softfp\libgcc.a(_divdi3.o)
 .ARM.exidx     0x08008a30        0x0 d:/4.5.0.202105191637/eclipse/arm-gcc-49/bin/../lib/gcc/arm-none-eabi/4.9.3/armv7e-m/softfp\libgcc.a(_udivdi3.o)
                                  0x8 (size before relaxing)
                0x08008a30                __exidx_end = .

.rel.dyn        0x08008a30        0x0 load address 0x0c008a30
 .rel.iplt      0x00000000        0x0 ./Startup/startup_XMC4500.o
                0x08008a30                . = ALIGN (0x4)

Stack           0x10000000      0x800
                0x10000000                __stack_start = .
                0x10000800                . = (. + stack_size)
 *fill*         0x10000000      0x800 
                0x10000800                __stack_end = .
                0x10000800                __initial_sp = .

.ram_code       0x10000800        0x0 load address 0x0c008a30
                0x10000800                . = ALIGN (0x4)
                0x10000800                __ram_code_start = .
 *(.ram_code)
                0x10000800                . = ALIGN (0x4)
                0x10000800                __ram_code_end = .
                0x0c008a30                __ram_code_load = LOADADDR (.ram_code)
                0x00000000                __ram_code_size = (__ram_code_end - __ram_code_start)

PSRAM_DATA      0x10000800        0x0 load address 0x0c008a30
                0x10000800                . = ALIGN (0x4)
                0x10000800                __data3_start = .
 *(PSRAM_DATA)
                0x10000800                . = ALIGN (0x4)
                0x10000800                __data3_end = .
                0x0c008a30                __data3_load = LOADADDR (PSRAM_DATA)
                0x00000000                __data3_size = (__data3_end - __data3_start)

PSRAM_BSS       0x10000800        0x0 load address 0x0c008a30
                0x10000800                . = ALIGN (0x4)
                0x10000800                __bss3_start = .
 *(PSRAM_BSS)
                0x10000800                . = ALIGN (0x4)
                0x10000800                __bss3_end = .
                0x10000800                . = ALIGN (0x8)
                0x10000800                Heap_Bank3_Start = .
                0x00000000                __bss3_size = (__bss3_end - __bss3_start)

.data           0x20000000      0x2bc load address 0x0c008a30
                0x20000000                . = ALIGN (0x4)
                0x20000000                __data_start = .
 *(.data)
 *(.data*)
 .data.TIMER_0_config
                0x20000000        0x8 ./Dave/Generated/TIMER/timer_conf.o
                0x20000000                TIMER_0_config
 .data.TIMER_0  0x20000008       0x28 ./Dave/Generated/TIMER/timer_conf.o
                0x20000008                TIMER_0
 .data.TIMER_1_config
                0x20000030        0x8 ./Dave/Generated/TIMER/timer_conf.o
                0x20000030                TIMER_1_config
 .data.TIMER_1  0x20000038       0x28 ./Dave/Generated/TIMER/timer_conf.o
                0x20000038                TIMER_1
 .data.PWM_CCU8_0
                0x20000060       0x34 ./Dave/Generated/PWM_CCU8/pwm_ccu8_conf.o
                0x20000060                PWM_CCU8_0
 .data.PWM_CCU8_1
                0x20000094       0x34 ./Dave/Generated/PWM_CCU8/pwm_ccu8_conf.o
                0x20000094                PWM_CCU8_1
 .data.PWM_CCU8_2
                0x200000c8       0x34 ./Dave/Generated/PWM_CCU8/pwm_ccu8_conf.o
                0x200000c8                PWM_CCU8_2
 .data.GLOBAL_CCU8_0
                0x200000fc       0x10 ./Dave/Generated/GLOBAL_CCU8/global_ccu8_conf.o
                0x200000fc                GLOBAL_CCU8_0
 .data.GLOBAL_CCU4_1
                0x2000010c       0x10 ./Dave/Generated/GLOBAL_CCU4/global_ccu4_conf.o
                0x2000010c                GLOBAL_CCU4_1
 .data.group_0_config
                0x2000011c        0xc ./Dave/Generated/GLOBAL_ADC/global_adc_conf.o
                0x2000011c                group_0_config
 .data.group_1_config
                0x20000128        0xc ./Dave/Generated/GLOBAL_ADC/global_adc_conf.o
                0x20000128                group_1_config
 .data.group_2_config
                0x20000134        0xc ./Dave/Generated/GLOBAL_ADC/global_adc_conf.o
                0x20000134                group_2_config
 .data.group_3_config
                0x20000140        0xc ./Dave/Generated/GLOBAL_ADC/global_adc_conf.o
                0x20000140                group_3_config
 .data.GLOBAL_ADC_0
                0x2000014c       0x1c ./Dave/Generated/GLOBAL_ADC/global_adc_conf.o
                0x2000014c                GLOBAL_ADC_0
 .data.Channel_A_ch_config
                0x20000168        0xc ./Dave/Generated/ADC_MEASUREMENT/adc_measurement_conf.o
                0x20000168                Channel_A_ch_config
 .data.ADC_MEASUREMENT_Channel_A_handle
                0x20000174       0x10 ./Dave/Generated/ADC_MEASUREMENT/adc_measurement_conf.o
                0x20000174                ADC_MEASUREMENT_Channel_A_handle
 .data.ADC_MEASUREMENT_channel_array
                0x20000184        0x4 ./Dave/Generated/ADC_MEASUREMENT/adc_measurement_conf.o
                0x20000184                ADC_MEASUREMENT_channel_array
 .data.ADC_MEASUREMENT_0
                0x20000188       0x1c ./Dave/Generated/ADC_MEASUREMENT/adc_measurement_conf.o
                0x20000188                ADC_MEASUREMENT_0
 .data.str_dc   0x200001a4       0x10 ./main.o
                0x200001a4                str_dc
 .data.str_cl   0x200001b4       0x10 ./main.o
                0x200001b4                str_cl
 .data.str_aus  0x200001c4       0x10 ./main.o
                0x200001c4                str_aus
 .data.str_wechsel
                0x200001d4       0x10 ./main.o
                0x200001d4                str_wechsel
 .data.str_dreh
                0x200001e4        0xc ./main.o
                0x200001e4                str_dreh
 .data.str_p    0x200001f0        0x4 ./main.o
                0x200001f0                str_p
 .data.str_m    0x200001f4        0x4 ./main.o
                0x200001f4                str_m
 .data.index_count_2
                0x200001f8        0x1 ./main.o
                0x200001f8                index_count_2
 .data.index_count_3
                0x200001f9        0x1 ./main.o
                0x200001f9                index_count_3
 *fill*         0x200001fa        0x6 
 .data.U_N      0x20000200        0x8 ./main.o
                0x20000200                U_N
 .data.str4     0x20000208        0x8 ./main.o
                0x20000208                str4
 .data.str6     0x20000210        0x4 ./main.o
                0x20000210                str6
 .data.f        0x20000214        0x4 ./main.o
                0x20000214                f
 .data.d2_DC    0x20000218        0x4 ./main.o
                0x20000218                d2_DC
 .data.d3_DC    0x2000021c        0x4 ./main.o
                0x2000021c                d3_DC
 .data.impure_data
                0x20000220       0x60 d:/4.5.0.202105191637/eclipse/arm-gcc-49/bin/../lib/gcc/arm-none-eabi/4.9.3/../../../../arm-none-eabi/lib/armv7e-m/softfp\libg_nano.a(lib_a-impure.o)
 .data._impure_ptr
                0x20000280        0x4 d:/4.5.0.202105191637/eclipse/arm-gcc-49/bin/../lib/gcc/arm-none-eabi/4.9.3/../../../../arm-none-eabi/lib/armv7e-m/softfp\libg_nano.a(lib_a-impure.o)
                0x20000280                _impure_ptr
 .data.lconv    0x20000284       0x38 d:/4.5.0.202105191637/eclipse/arm-gcc-49/bin/../lib/gcc/arm-none-eabi/4.9.3/../../../../arm-none-eabi/lib/armv7e-m/softfp\libg_nano.a(lib_a-locale.o)
 *(*.data)
 *(.gnu.linkonce.d*)
                0x200002bc                . = ALIGN (0x4)
                0x200002bc                PROVIDE (__preinit_array_start, .)
 *(.preinit_array)
                0x200002bc                PROVIDE (__preinit_array_end, .)
                0x200002bc                . = ALIGN (0x4)
                0x200002bc                PROVIDE (__init_array_start, .)
 *(SORT(.init_array.*))
 *(.init_array)
                0x200002bc                PROVIDE (__init_array_end, .)
                0x200002bc                . = ALIGN (0x4)
                0x200002bc                PROVIDE (__fini_array_start, .)
 *(SORT(.fini_array.*))
 *(.fini_array)
                0x200002bc                PROVIDE (__fini_array_end, .)
                0x200002bc                . = ALIGN (0x4)
                0x200002bc                __data_end = .
                0x0c008a30                __data_load = LOADADDR (.data)
                0x000002bc                __data_size = (__data_end - __data_start)

.igot.plt       0x200002bc        0x0 load address 0x0c008cec
 .igot.plt      0x00000000        0x0 ./Startup/startup_XMC4500.o

.bss            0x200002c0      0x8a0 load address 0x0c008cec
                0x200002c0                . = ALIGN (0x4)
                0x200002c0                __bss_start = .
 *(.bss)
 *(.bss*)
 .bss.heap_ptr.4331
                0x200002c0        0x4 ./Libraries/Newlib/syscalls.o
 .bss.CLOCK_XMC4_0
                0x200002c4        0x4 ./Dave/Generated/CLOCK_XMC4/clock_xmc4_conf.o
                0x200002c4                CLOCK_XMC4_0
 .bss.Channel_A_res_config
                0x200002c8        0x4 ./Dave/Generated/ADC_MEASUREMENT/adc_measurement_conf.o
                0x200002c8                Channel_A_res_config
 .bss.index_count_1
                0x200002cc        0x1 ./main.o
                0x200002cc                index_count_1
 *fill*         0x200002cd        0x3 
 .bss.f_aktuell
                0x200002d0        0x8 ./main.o
                0x200002d0                f_aktuell
 .bss.pin_status1
                0x200002d8        0x1 ./main.o
                0x200002d8                pin_status1
 .bss.pin_status2
                0x200002d9        0x1 ./main.o
                0x200002d9                pin_status2
 .bss.pin_status_bremsen
                0x200002da        0x1 ./main.o
                0x200002da                pin_status_bremsen
 .bss.current_index_status
                0x200002db        0x1 ./main.o
                0x200002db                current_index_status
 *fill*         0x200002dc        0x4 
 .bss.p1        0x200002e0        0x8 ./main.o
                0x200002e0                p1
 .bss.p2        0x200002e8        0x8 ./main.o
                0x200002e8                p2
 .bss.p3        0x200002f0        0x8 ./main.o
                0x200002f0                p3
 .bss.__malloc_sbrk_start
                0x200002f8        0x4 d:/4.5.0.202105191637/eclipse/arm-gcc-49/bin/../lib/gcc/arm-none-eabi/4.9.3/../../../../arm-none-eabi/lib/armv7e-m/softfp\libg_nano.a(lib_a-nano-mallocr.o)
                0x200002f8                __malloc_sbrk_start
 .bss.__malloc_free_list
                0x200002fc        0x4 d:/4.5.0.202105191637/eclipse/arm-gcc-49/bin/../lib/gcc/arm-none-eabi/4.9.3/../../../../arm-none-eabi/lib/armv7e-m/softfp\libg_nano.a(lib_a-nano-mallocr.o)
                0x200002fc                __malloc_free_list
 *(COMMON)
 COMMON         0x20000300      0x858 ./main.o
                0x20000300                str7
                0x20000308                U_v
                0x20000310                sin_table
                0x20000b10                f_1
                0x20000b18                time_sample
                0x20000b20                U_w
                0x20000b28                str5
                0x20000b30                f_diff
                0x20000b38                U_u
                0x20000b40                time
                0x20000b44                result
                0x20000b48                str2
                0x20000b4e                led_freq
                0x20000b50                U_1
 COMMON         0x20000b58        0x4 d:/4.5.0.202105191637/eclipse/arm-gcc-49/bin/../lib/gcc/arm-none-eabi/4.9.3/../../../../arm-none-eabi/lib/armv7e-m/softfp\libg_nano.a(lib_a-reent.o)
                0x20000b58                errno
 *(.gnu.linkonce.b*)
                0x20000b5c                . = ALIGN (0x4)
                0x20000b5c                __bss_end = .
                0x20000b60                . = ALIGN (0x8)
 *fill*         0x20000b5c        0x4 
                0x20000b60                Heap_Bank1_Start = .
                0x0000089c                __bss_size = (__bss_end - __bss_start)

.no_init        0x2000ffc0       0x14
                0x2000ffc0                Heap_Bank1_End = .
 *(.no_init)
 .no_init       0x2000ffc0       0x14 ./Startup/system_XMC4500.o
                0x2000ffc0                SystemCoreClock
                0x2000ffc4                g_chipid

DSRAM2_DATA     0x30000000        0x0 load address 0x0c008cec
                0x30000000                . = ALIGN (0x4)
                0x30000000                __data2_start = .
 *(DSRAM2_DATA)
                0x30000000                . = ALIGN (0x4)
                0x30000000                __data2_end = .
                0x0c008cec                __data2_load = LOADADDR (DSRAM2_DATA)
                0x00000000                __data2_size = (__data2_end - __data2_start)
                0x00008cec                __text_size = (((((__exidx_end - sText) + __data_size) + __ram_code_size) + __data2_size) + __data3_size)
                0x08008cec                eText = (sText + __text_size)

DSRAM2_BSS      0x30000000        0x0 load address 0x0c008cec
                0x30000000                . = ALIGN (0x4)
                0x30000000                __bss2_start = .
 *(ETH_RAM)
 *(USB_RAM)
 *(DSRAM2_BSS)
                0x30000000                . = ALIGN (0x4)
                0x30000000                __bss2_end = .
                0x30000000                . = ALIGN (0x8)
                0x30000000                Heap_Bank2_Start = .
                0x00000000                __bss2_size = (__bss2_end - __bss2_start)
                0x0000f460                Heap_Bank1_Size = (Heap_Bank1_End - Heap_Bank1_Start)
                0x00008000                Heap_Bank2_Size = (0x8000 - (Heap_Bank2_Start - ORIGIN (DSRAM_2_comm)))
                0x0000f800                Heap_Bank3_Size = (0x10000 - (Heap_Bank3_Start - ORIGIN (PSRAM_1)))
                0x00000001                ASSERT ((Heap_Bank1_Start <= Heap_Bank1_End), region SRAM_combined overflowed no_init section)

/DISCARD/
 *(.comment)

.stab
 *(.stab)

.stabstr
 *(.stabstr)

.debug
 *(.debug)

.line
 *(.line)

.debug_srcinfo
 *(.debug_srcinfo)

.debug_sfnames
 *(.debug_sfnames)

.debug_aranges  0x00000000     0x1040
 *(.debug_aranges)
 .debug_aranges
                0x00000000       0x20 ./Startup/startup_XMC4500.o
 .debug_aranges
                0x00000020       0x48 ./Startup/system_XMC4500.o
 .debug_aranges
                0x00000068       0x28 ./Libraries/XMCLib/src/xmc4_eru.o
 .debug_aranges
                0x00000090       0x28 ./Libraries/XMCLib/src/xmc4_gpio.o
 .debug_aranges
                0x000000b8      0x3c8 ./Libraries/XMCLib/src/xmc4_scu.o
 .debug_aranges
                0x00000480      0x128 ./Libraries/XMCLib/src/xmc_ccu4.o
 .debug_aranges
                0x000005a8      0x180 ./Libraries/XMCLib/src/xmc_ccu8.o
 .debug_aranges
                0x00000728       0x88 ./Libraries/XMCLib/src/xmc_eru.o
 .debug_aranges
                0x000007b0      0x278 ./Libraries/XMCLib/src/xmc_vadc.o
 .debug_aranges
                0x00000a28       0x28 ./Libraries/Newlib/syscalls.o
 .debug_aranges
                0x00000a50       0x78 ./Libraries/lcd-routines.o
 .debug_aranges
                0x00000ac8       0xd8 ./Dave/Generated/TIMER/timer.o
 .debug_aranges
                0x00000ba0       0x18 ./Dave/Generated/TIMER/timer_conf.o
 .debug_aranges
                0x00000bb8      0x118 ./Dave/Generated/PWM_CCU8/pwm_ccu8.o
 .debug_aranges
                0x00000cd0       0x18 ./Dave/Generated/PWM_CCU8/pwm_ccu8_conf.o
 .debug_aranges
                0x00000ce8       0x60 ./Dave/Generated/PIN_INTERRUPT/pin_interrupt.o
 .debug_aranges
                0x00000d48       0x18 ./Dave/Generated/PIN_INTERRUPT/pin_interrupt_conf.o
 .debug_aranges
                0x00000d60       0x50 ./Dave/Generated/INTERRUPT/interrupt.o
 .debug_aranges
                0x00000db0       0x18 ./Dave/Generated/INTERRUPT/interrupt_conf.o
 .debug_aranges
                0x00000dc8       0x30 ./Dave/Generated/GLOBAL_CCU8/global_ccu8.o
 .debug_aranges
                0x00000df8       0x18 ./Dave/Generated/GLOBAL_CCU8/global_ccu8_conf.o
 .debug_aranges
                0x00000e10       0x30 ./Dave/Generated/GLOBAL_CCU4/global_ccu4.o
 .debug_aranges
                0x00000e40       0x18 ./Dave/Generated/GLOBAL_CCU4/global_ccu4_conf.o
 .debug_aranges
                0x00000e58       0x30 ./Dave/Generated/GLOBAL_ADC/global_adc.o
 .debug_aranges
                0x00000e88       0x18 ./Dave/Generated/GLOBAL_ADC/global_adc_conf.o
 .debug_aranges
                0x00000ea0       0x28 ./Dave/Generated/CPU_CTRL_XMC4/cpu_ctrl_xmc4_conf.o
 .debug_aranges
                0x00000ec8       0x38 ./Dave/Generated/CLOCK_XMC4/clock_xmc4.o
 .debug_aranges
                0x00000f00       0x20 ./Dave/Generated/CLOCK_XMC4/clock_xmc4_conf.o
 .debug_aranges
                0x00000f20       0x88 ./Dave/Generated/ADC_MEASUREMENT/adc_measurement.o
 .debug_aranges
                0x00000fa8       0x18 ./Dave/Generated/ADC_MEASUREMENT/adc_measurement_conf.o
 .debug_aranges
                0x00000fc0       0x20 ./Dave/Generated/DAVE.o
 .debug_aranges
                0x00000fe0       0x60 ./main.o

.debug_pubnames
 *(.debug_pubnames)

.debug_pubtypes
 *(.debug_pubtypes)

.debug_info     0x00000000    0x1ffc3
 *(.debug_info .gnu.linkonce.wi.*)
 .debug_info    0x00000000       0x7f ./Startup/startup_XMC4500.o
 .debug_info    0x0000007f      0x970 ./Startup/system_XMC4500.o
 .debug_info    0x000009ef      0x56b ./Libraries/XMCLib/src/xmc4_eru.o
 .debug_info    0x00000f5a      0x4dd ./Libraries/XMCLib/src/xmc4_gpio.o
 .debug_info    0x00001437     0x217b ./Libraries/XMCLib/src/xmc4_scu.o
 .debug_info    0x000035b2     0x1671 ./Libraries/XMCLib/src/xmc_ccu4.o
 .debug_info    0x00004c23     0x1d8e ./Libraries/XMCLib/src/xmc_ccu8.o
 .debug_info    0x000069b1      0xb70 ./Libraries/XMCLib/src/xmc_eru.o
 .debug_info    0x00007521     0x2eab ./Libraries/XMCLib/src/xmc_vadc.o
 .debug_info    0x0000a3cc      0x11f ./Libraries/Newlib/syscalls.o
 .debug_info    0x0000a4eb      0x62b ./Libraries/lcd-routines.o
 .debug_info    0x0000ab16      0xe47 ./Dave/Generated/TIMER/timer.o
 .debug_info    0x0000b95d      0x914 ./Dave/Generated/TIMER/timer_conf.o
 .debug_info    0x0000c271     0x1eb5 ./Dave/Generated/PWM_CCU8/pwm_ccu8.o
 .debug_info    0x0000e126     0x16ec ./Dave/Generated/PWM_CCU8/pwm_ccu8_conf.o
 .debug_info    0x0000f812     0x1102 ./Dave/Generated/PIN_INTERRUPT/pin_interrupt.o
 .debug_info    0x00010914      0xc83 ./Dave/Generated/PIN_INTERRUPT/pin_interrupt_conf.o
 .debug_info    0x00011597      0x9c9 ./Dave/Generated/INTERRUPT/interrupt.o
 .debug_info    0x00011f60      0x4d4 ./Dave/Generated/INTERRUPT/interrupt_conf.o
 .debug_info    0x00012434      0x481 ./Dave/Generated/GLOBAL_CCU8/global_ccu8.o
 .debug_info    0x000128b5      0x381 ./Dave/Generated/GLOBAL_CCU8/global_ccu8_conf.o
 .debug_info    0x00012c36      0x472 ./Dave/Generated/GLOBAL_CCU4/global_ccu4.o
 .debug_info    0x000130a8      0x372 ./Dave/Generated/GLOBAL_CCU4/global_ccu4_conf.o
 .debug_info    0x0001341a     0x1067 ./Dave/Generated/GLOBAL_ADC/global_adc.o
 .debug_info    0x00014481     0x106a ./Dave/Generated/GLOBAL_ADC/global_adc_conf.o
 .debug_info    0x000154eb      0x52e ./Dave/Generated/CPU_CTRL_XMC4/cpu_ctrl_xmc4_conf.o
 .debug_info    0x00015a19      0x2dd ./Dave/Generated/CLOCK_XMC4/clock_xmc4.o
 .debug_info    0x00015cf6      0x43e ./Dave/Generated/CLOCK_XMC4/clock_xmc4_conf.o
 .debug_info    0x00016134     0x1eb6 ./Dave/Generated/ADC_MEASUREMENT/adc_measurement.o
 .debug_info    0x00017fea     0x1842 ./Dave/Generated/ADC_MEASUREMENT/adc_measurement_conf.o
 .debug_info    0x0001982c     0x351e ./Dave/Generated/DAVE.o
 .debug_info    0x0001cd4a     0x3279 ./main.o

.debug_abbrev   0x00000000     0x3874
 *(.debug_abbrev)
 .debug_abbrev  0x00000000       0x14 ./Startup/startup_XMC4500.o
 .debug_abbrev  0x00000014      0x1f1 ./Startup/system_XMC4500.o
 .debug_abbrev  0x00000205      0x180 ./Libraries/XMCLib/src/xmc4_eru.o
 .debug_abbrev  0x00000385      0x144 ./Libraries/XMCLib/src/xmc4_gpio.o
 .debug_abbrev  0x000004c9      0x2a3 ./Libraries/XMCLib/src/xmc4_scu.o
 .debug_abbrev  0x0000076c      0x232 ./Libraries/XMCLib/src/xmc_ccu4.o
 .debug_abbrev  0x0000099e      0x254 ./Libraries/XMCLib/src/xmc_ccu8.o
 .debug_abbrev  0x00000bf2      0x22f ./Libraries/XMCLib/src/xmc_eru.o
 .debug_abbrev  0x00000e21      0x282 ./Libraries/XMCLib/src/xmc_vadc.o
 .debug_abbrev  0x000010a3       0xbd ./Libraries/Newlib/syscalls.o
 .debug_abbrev  0x00001160      0x1b1 ./Libraries/lcd-routines.o
 .debug_abbrev  0x00001311      0x252 ./Dave/Generated/TIMER/timer.o
 .debug_abbrev  0x00001563      0x181 ./Dave/Generated/TIMER/timer_conf.o
 .debug_abbrev  0x000016e4      0x2a4 ./Dave/Generated/PWM_CCU8/pwm_ccu8.o
 .debug_abbrev  0x00001988      0x1b4 ./Dave/Generated/PWM_CCU8/pwm_ccu8_conf.o
 .debug_abbrev  0x00001b3c      0x293 ./Dave/Generated/PIN_INTERRUPT/pin_interrupt.o
 .debug_abbrev  0x00001dcf      0x1a1 ./Dave/Generated/PIN_INTERRUPT/pin_interrupt_conf.o
 .debug_abbrev  0x00001f70      0x212 ./Dave/Generated/INTERRUPT/interrupt.o
 .debug_abbrev  0x00002182       0xd8 ./Dave/Generated/INTERRUPT/interrupt_conf.o
 .debug_abbrev  0x0000225a      0x196 ./Dave/Generated/GLOBAL_CCU8/global_ccu8.o
 .debug_abbrev  0x000023f0      0x124 ./Dave/Generated/GLOBAL_CCU8/global_ccu8_conf.o
 .debug_abbrev  0x00002514      0x196 ./Dave/Generated/GLOBAL_CCU4/global_ccu4.o
 .debug_abbrev  0x000026aa      0x124 ./Dave/Generated/GLOBAL_CCU4/global_ccu4_conf.o
 .debug_abbrev  0x000027ce      0x20d ./Dave/Generated/GLOBAL_ADC/global_adc.o
 .debug_abbrev  0x000029db      0x1ac ./Dave/Generated/GLOBAL_ADC/global_adc_conf.o
 .debug_abbrev  0x00002b87      0x1b4 ./Dave/Generated/CPU_CTRL_XMC4/cpu_ctrl_xmc4_conf.o
 .debug_abbrev  0x00002d3b      0x13d ./Dave/Generated/CLOCK_XMC4/clock_xmc4.o
 .debug_abbrev  0x00002e78      0x134 ./Dave/Generated/CLOCK_XMC4/clock_xmc4_conf.o
 .debug_abbrev  0x00002fac      0x294 ./Dave/Generated/ADC_MEASUREMENT/adc_measurement.o
 .debug_abbrev  0x00003240      0x1a2 ./Dave/Generated/ADC_MEASUREMENT/adc_measurement_conf.o
 .debug_abbrev  0x000033e2      0x1e4 ./Dave/Generated/DAVE.o
 .debug_abbrev  0x000035c6      0x2ae ./main.o

.debug_line     0x00000000     0x7901
 *(.debug_line)
 .debug_line    0x00000000       0x88 ./Startup/startup_XMC4500.o
 .debug_line    0x00000088      0x2d8 ./Startup/system_XMC4500.o
 .debug_line    0x00000360      0x253 ./Libraries/XMCLib/src/xmc4_eru.o
 .debug_line    0x000005b3      0x1f3 ./Libraries/XMCLib/src/xmc4_gpio.o
 .debug_line    0x000007a6      0xdab ./Libraries/XMCLib/src/xmc4_scu.o
 .debug_line    0x00001551      0x5c2 ./Libraries/XMCLib/src/xmc_ccu4.o
 .debug_line    0x00001b13      0x6b0 ./Libraries/XMCLib/src/xmc_ccu8.o
 .debug_line    0x000021c3      0x2b5 ./Libraries/XMCLib/src/xmc_eru.o
 .debug_line    0x00002478      0xaaa ./Libraries/XMCLib/src/xmc_vadc.o
 .debug_line    0x00002f22       0xb8 ./Libraries/Newlib/syscalls.o
 .debug_line    0x00002fda      0x2d2 ./Libraries/lcd-routines.o
 .debug_line    0x000032ac      0x527 ./Dave/Generated/TIMER/timer.o
 .debug_line    0x000037d3      0x2c1 ./Dave/Generated/TIMER/timer_conf.o
 .debug_line    0x00003a94      0x702 ./Dave/Generated/PWM_CCU8/pwm_ccu8.o
 .debug_line    0x00004196      0x2e7 ./Dave/Generated/PWM_CCU8/pwm_ccu8_conf.o
 .debug_line    0x0000447d      0x3a3 ./Dave/Generated/PIN_INTERRUPT/pin_interrupt.o
 .debug_line    0x00004820      0x26f ./Dave/Generated/PIN_INTERRUPT/pin_interrupt_conf.o
 .debug_line    0x00004a8f      0x2e7 ./Dave/Generated/INTERRUPT/interrupt.o
 .debug_line    0x00004d76      0x1dc ./Dave/Generated/INTERRUPT/interrupt_conf.o
 .debug_line    0x00004f52      0x2ec ./Dave/Generated/GLOBAL_CCU8/global_ccu8.o
 .debug_line    0x0000523e      0x25b ./Dave/Generated/GLOBAL_CCU8/global_ccu8_conf.o
 .debug_line    0x00005499      0x2ec ./Dave/Generated/GLOBAL_CCU4/global_ccu4.o
 .debug_line    0x00005785      0x25b ./Dave/Generated/GLOBAL_CCU4/global_ccu4_conf.o
 .debug_line    0x000059e0      0x2f8 ./Dave/Generated/GLOBAL_ADC/global_adc.o
 .debug_line    0x00005cd8      0x24a ./Dave/Generated/GLOBAL_ADC/global_adc_conf.o
 .debug_line    0x00005f22      0x24d ./Dave/Generated/CPU_CTRL_XMC4/cpu_ctrl_xmc4_conf.o
 .debug_line    0x0000616f      0x283 ./Dave/Generated/CLOCK_XMC4/clock_xmc4.o
 .debug_line    0x000063f2      0x25a ./Dave/Generated/CLOCK_XMC4/clock_xmc4_conf.o
 .debug_line    0x0000664c      0x4a6 ./Dave/Generated/ADC_MEASUREMENT/adc_measurement.o
 .debug_line    0x00006af2      0x2ce ./Dave/Generated/ADC_MEASUREMENT/adc_measurement_conf.o
 .debug_line    0x00006dc0      0x4cd ./Dave/Generated/DAVE.o
 .debug_line    0x0000728d      0x674 ./main.o

.debug_frame    0x00000000     0x4d14
 *(.debug_frame)
 .debug_frame   0x00000000       0xec ./Startup/system_XMC4500.o
 .debug_frame   0x000000ec       0x60 ./Libraries/XMCLib/src/xmc4_eru.o
 .debug_frame   0x0000014c       0x60 ./Libraries/XMCLib/src/xmc4_gpio.o
 .debug_frame   0x000001ac     0x11c0 ./Libraries/XMCLib/src/xmc4_scu.o
 .debug_frame   0x0000136c      0x560 ./Libraries/XMCLib/src/xmc_ccu4.o
 .debug_frame   0x000018cc      0x718 ./Libraries/XMCLib/src/xmc_ccu8.o
 .debug_frame   0x00001fe4      0x240 ./Libraries/XMCLib/src/xmc_eru.o
 .debug_frame   0x00002224      0xbd8 ./Libraries/XMCLib/src/xmc_vadc.o
 .debug_frame   0x00002dfc       0x5c ./Libraries/Newlib/syscalls.o
 .debug_frame   0x00002e58      0x1c0 ./Libraries/lcd-routines.o
 .debug_frame   0x00003018      0x3e0 ./Dave/Generated/TIMER/timer.o
 .debug_frame   0x000033f8      0x510 ./Dave/Generated/PWM_CCU8/pwm_ccu8.o
 .debug_frame   0x00003908      0x178 ./Dave/Generated/PIN_INTERRUPT/pin_interrupt.o
 .debug_frame   0x00003a80      0x124 ./Dave/Generated/INTERRUPT/interrupt.o
 .debug_frame   0x00003ba4       0x88 ./Dave/Generated/GLOBAL_CCU8/global_ccu8.o
 .debug_frame   0x00003c2c       0x88 ./Dave/Generated/GLOBAL_CCU4/global_ccu4.o
 .debug_frame   0x00003cb4       0x88 ./Dave/Generated/GLOBAL_ADC/global_adc.o
 .debug_frame   0x00003d3c       0x60 ./Dave/Generated/CPU_CTRL_XMC4/cpu_ctrl_xmc4_conf.o
 .debug_frame   0x00003d9c       0xac ./Dave/Generated/CLOCK_XMC4/clock_xmc4.o
 .debug_frame   0x00003e48       0x3c ./Dave/Generated/CLOCK_XMC4/clock_xmc4_conf.o
 .debug_frame   0x00003e84      0x240 ./Dave/Generated/ADC_MEASUREMENT/adc_measurement.o
 .debug_frame   0x000040c4       0x38 ./Dave/Generated/DAVE.o
 .debug_frame   0x000040fc      0x124 ./main.o
 .debug_frame   0x00004220       0x40 d:/4.5.0.202105191637/eclipse/arm-gcc-49/bin/../lib/gcc/arm-none-eabi/4.9.3/../../../../arm-none-eabi/lib/armv7e-m/softfp\libm.a(lib_a-s_sin.o)
 .debug_frame   0x00004260       0x48 d:/4.5.0.202105191637/eclipse/arm-gcc-49/bin/../lib/gcc/arm-none-eabi/4.9.3/../../../../arm-none-eabi/lib/armv7e-m/softfp\libm.a(lib_a-e_rem_pio2.o)
 .debug_frame   0x000042a8       0x4c d:/4.5.0.202105191637/eclipse/arm-gcc-49/bin/../lib/gcc/arm-none-eabi/4.9.3/../../../../arm-none-eabi/lib/armv7e-m/softfp\libm.a(lib_a-k_cos.o)
 .debug_frame   0x000042f4       0x54 d:/4.5.0.202105191637/eclipse/arm-gcc-49/bin/../lib/gcc/arm-none-eabi/4.9.3/../../../../arm-none-eabi/lib/armv7e-m/softfp\libm.a(lib_a-k_rem_pio2.o)
 .debug_frame   0x00004348       0x48 d:/4.5.0.202105191637/eclipse/arm-gcc-49/bin/../lib/gcc/arm-none-eabi/4.9.3/../../../../arm-none-eabi/lib/armv7e-m/softfp\libm.a(lib_a-k_sin.o)
 .debug_frame   0x00004390       0x20 d:/4.5.0.202105191637/eclipse/arm-gcc-49/bin/../lib/gcc/arm-none-eabi/4.9.3/../../../../arm-none-eabi/lib/armv7e-m/softfp\libm.a(lib_a-s_fabs.o)
 .debug_frame   0x000043b0       0x34 d:/4.5.0.202105191637/eclipse/arm-gcc-49/bin/../lib/gcc/arm-none-eabi/4.9.3/../../../../arm-none-eabi/lib/armv7e-m/softfp\libm.a(lib_a-s_floor.o)
 .debug_frame   0x000043e4       0x30 d:/4.5.0.202105191637/eclipse/arm-gcc-49/bin/../lib/gcc/arm-none-eabi/4.9.3/../../../../arm-none-eabi/lib/armv7e-m/softfp\libm.a(lib_a-s_scalbn.o)
 .debug_frame   0x00004414       0x20 d:/4.5.0.202105191637/eclipse/arm-gcc-49/bin/../lib/gcc/arm-none-eabi/4.9.3/../../../../arm-none-eabi/lib/armv7e-m/softfp\libm.a(lib_a-s_copysign.o)
 .debug_frame   0x00004434       0x28 d:/4.5.0.202105191637/eclipse/arm-gcc-49/bin/../lib/gcc/arm-none-eabi/4.9.3/armv7e-m/softfp\libgcc.a(_aeabi_uldivmod.o)
 .debug_frame   0x0000445c       0x50 d:/4.5.0.202105191637/eclipse/arm-gcc-49/bin/../lib/gcc/arm-none-eabi/4.9.3/armv7e-m/softfp\libgcc.a(bpabi.o)
 .debug_frame   0x000044ac       0x34 d:/4.5.0.202105191637/eclipse/arm-gcc-49/bin/../lib/gcc/arm-none-eabi/4.9.3/armv7e-m/softfp\libgcc.a(_divdi3.o)
 .debug_frame   0x000044e0       0x30 d:/4.5.0.202105191637/eclipse/arm-gcc-49/bin/../lib/gcc/arm-none-eabi/4.9.3/armv7e-m/softfp\libgcc.a(_udivdi3.o)
 .debug_frame   0x00004510       0x20 d:/4.5.0.202105191637/eclipse/arm-gcc-49/bin/../lib/gcc/arm-none-eabi/4.9.3/../../../../arm-none-eabi/lib/armv7e-m/softfp\libg_nano.a(lib_a-errno.o)
 .debug_frame   0x00004530       0x2c d:/4.5.0.202105191637/eclipse/arm-gcc-49/bin/../lib/gcc/arm-none-eabi/4.9.3/../../../../arm-none-eabi/lib/armv7e-m/softfp\libg_nano.a(lib_a-init.o)
 .debug_frame   0x0000455c       0x28 d:/4.5.0.202105191637/eclipse/arm-gcc-49/bin/../lib/gcc/arm-none-eabi/4.9.3/../../../../arm-none-eabi/lib/armv7e-m/softfp\libg_nano.a(lib_a-memcpy.o)
 .debug_frame   0x00004584       0x20 d:/4.5.0.202105191637/eclipse/arm-gcc-49/bin/../lib/gcc/arm-none-eabi/4.9.3/../../../../arm-none-eabi/lib/armv7e-m/softfp\libg_nano.a(lib_a-memset.o)
 .debug_frame   0x000045a4       0x8c d:/4.5.0.202105191637/eclipse/arm-gcc-49/bin/../lib/gcc/arm-none-eabi/4.9.3/../../../../arm-none-eabi/lib/armv7e-m/softfp\libg_nano.a(lib_a-nano-vfprintf_float.o)